This is pdfTeX, Version 3.141592653-2.6-1.40.24 (MiKTeX 22.1) (preloaded format=pdflatex 2026.8.16)  20 AUG 2026 08:42
entering extended mode
 restricted \write18 enabled.
 file:line:error style messages enabled.
 %&-line parsing enabled.
**./appendix_applications.tex
(appendix_applications.tex
LaTeX2e <2021-11-15> patch level 1
L3 programming layer <2022-05-04>

appendix_applications.tex:3: LaTeX Error: Missing \begin{document}.

See the LaTeX manual or LaTeX Companion for explanation.
Type  H <return>  for immediate help.
 ...                                              
                                                  
l.3 A
     pplication of the Zoloratarev problems are presented here. In  \cref{ss...

? 
appendix_applications.tex:3: Emergency stop.
 ...                                              
                                                  
l.3 A
     pplication of the Zoloratarev problems are presented here. In  \cref{ss...

You're in trouble here.  Try typing  <return>  to proceed.
If that doesn't work, type  X <return>  to quit.

 
Here is how much of TeX's memory you used:
 19 strings out of 480549
 637 string characters out of 2893596
 284765 words of memory out of 3000000
 18031 multiletter control sequences out of 15000+600000
 469259 words of font info for 28 fonts, out of 8000000 for 9000
 0 hyphenation exceptions out of 8191
 13i,0n,12p,218b,14s stack positions out of 5000i,500n,10000p,200000b,80000s
appendix_applications.tex:3:  ==> Fatal error occurred, no output PDF file prod
uced!
