This is pdfTeX, Version 3.141592653-2.6-1.40.24 (MiKTeX 22.1) (preloaded format=pdflatex 2022.6.11)  7 AUG 2026 16:12
entering extended mode
 restricted \write18 enabled.
 file:line:error style messages enabled.
 %&-line parsing enabled.
**./body_paper.tex
(body_paper.tex
LaTeX2e <2021-11-15> patch level 1
L3 programming layer <2022-05-04>
body_paper.tex:1: Undefined control sequence.
l.1 \section
            {Introduction and contributions}
? 
body_paper.tex:1: Emergency stop.
l.1 
    
End of file on the terminal!

 
Here is how much of TeX's memory you used:
 18 strings out of 480549
 449 string characters out of 2893596
 284765 words of memory out of 3000000
 18031 multiletter control sequences out of 15000+600000
 469259 words of font info for 28 fonts, out of 8000000 for 9000
 0 hyphenation exceptions out of 8191
 13i,0n,12p,88b,10s stack positions out of 5000i,500n,10000p,200000b,80000s
body_paper.tex:1:  ==> Fatal error occurred, no output PDF file produced!
