This is pdfTeX, Version 3.141592653-2.6-1.40.24 (MiKTeX 22.1) (preloaded format=pdflatex 2022.6.11)  5 AUG 2026 17:17
entering extended mode
 restricted \write18 enabled.
 file:line:error style messages enabled.
 %&-line parsing enabled.
**./main.tex
(main.tex
LaTeX2e <2021-11-15> patch level 1
L3 programming layer <2022-05-04>
(/Library/Application Support/MiKTeX/texmfs/install/tex/latex/base/article.cls
Document Class: article 2021/10/04 v1.4n Standard LaTeX document class
(/Library/Application Support/MiKTeX/texmfs/install/tex/latex/base/size10.clo
File: size10.clo 2021/10/04 v1.4n Standard LaTeX file (size option)
)
\c@part=\count185
\c@section=\count186
\c@subsection=\count187
\c@subsubsection=\count188
\c@paragraph=\count189
\c@subparagraph=\count190
\c@figure=\count191
\c@table=\count192
\abovecaptionskip=\skip47
\belowcaptionskip=\skip48
\bibindent=\dimen138
)
(/Library/Application Support/MiKTeX/texmfs/install/tex/latex/graphics/graphicx
.sty
Package: graphicx 2021/09/16 v1.2d Enhanced LaTeX Graphics (DPC,SPQR)

(/Library/Application Support/MiKTeX/texmfs/install/tex/latex/graphics/keyval.s
ty
Package: keyval 2014/10/28 v1.15 key=value parser (DPC)
\KV@toks@=\toks16
)
(/Library/Application Support/MiKTeX/texmfs/install/tex/latex/graphics/graphics
.sty
Package: graphics 2021/03/04 v1.4d Standard LaTeX Graphics (DPC,SPQR)

(/Library/Application Support/MiKTeX/texmfs/install/tex/latex/graphics/trig.sty
Package: trig 2021/08/11 v1.11 sin cos tan (DPC)
)
(/Library/Application Support/MiKTeX/texmfs/install/tex/latex/graphics-cfg/grap
hics.cfg
File: graphics.cfg 2016/06/04 v1.11 sample graphics configuration
)
Package graphics Info: Driver file: pdftex.def on input line 107.

(/Library/Application Support/MiKTeX/texmfs/install/tex/latex/graphics-def/pdft
ex.def
File: pdftex.def 2020/10/05 v1.2a Graphics/color driver for pdftex
))
\Gin@req@height=\dimen139
\Gin@req@width=\dimen140
)
(/Library/Application Support/MiKTeX/texmfs/install/tex/latex/tools/longtable.s
ty
Package: longtable 2021-09-01 v4.17 Multi-page Table package (DPC)
\LTleft=\skip49
\LTright=\skip50
\LTpre=\skip51
\LTpost=\skip52
\LTchunksize=\count193
\LTcapwidth=\dimen141
\LT@head=\box50
\LT@firsthead=\box51
\LT@foot=\box52
\LT@lastfoot=\box53
\LT@gbox=\box54
\LT@cols=\count194
\LT@rows=\count195
\c@LT@tables=\count196
\c@LT@chunks=\count197
\LT@p@ftn=\toks17
)
(/Library/Application Support/MiKTeX/texmfs/install/tex/latex/graphics/lscape.s
ty
Package: lscape 2020/05/28 v3.02 Landscape Pages (DPC)
)
(/Users/charles/Library/Application Support/MiKTeX/texmfs/install/tex/latex/a4w
ide/a4wide.sty
Package: a4wide 1994/08/30

(/Users/charles/Library/Application Support/MiKTeX/texmfs/install/tex/latex/ntg
class/a4.sty
Package: a4 2020/02/18 v1.2g A4 based page layout
))
(/Users/charles/Library/Application Support/MiKTeX/texmfs/install/tex/latex/tab
ularray/tabularray.sty
(/Library/Application Support/MiKTeX/texmfs/install/tex/latex/l3kernel/expl3.st
y
Package: expl3 2022-05-04 L3 programming layer (loader) 

(/Library/Application Support/MiKTeX/texmfs/install/tex/latex/l3backend/l3backe
nd-pdftex.def
File: l3backend-pdftex.def 2022-04-20 L3 backend support: PDF output (pdfTeX)
\l__color_backend_stack_int=\count198
\l__pdf_internal_box=\box55
))
Package: tabularray 2024-02-16 v2024A Typeset tabulars and arrays with LaTeX3
\l__tblr_a_int=\count199
\l__tblr_c_int=\count266
\l__tblr_r_int=\count267
\l__tblr_d_dim=\dimen142
\l__tblr_h_dim=\dimen143
\l__tblr_o_dim=\dimen144
\l__tblr_p_dim=\dimen145
\l__tblr_q_dim=\dimen146
\l__tblr_r_dim=\dimen147
\l__tblr_s_dim=\dimen148
\l__tblr_t_dim=\dimen149
\l__tblr_v_dim=\dimen150
\l__tblr_w_dim=\dimen151
\l__tblr_a_box=\box56
\l__tblr_b_box=\box57
\l__tblr_c_box=\box58
\l__tblr_d_box=\box59
\g__tblr_table_count_int=\count268
\c@rownum=\count269
\c@colnum=\count270
\c@rowcount=\count271
\c@colcount=\count272
\abovesep=\dimen152
\belowsep=\dimen153
\leftsep=\dimen154
\rightsep=\dimen155
\g_tblr_level_int=\count273
\g__tblr_data_row_key_count_int=\count274
\g__tblr_data_column_key_count_int=\count275
\g__tblr_data_cell_key_count_int=\count276
\g__tblr_array_int=\count277
\l__tblr_key_count_int=\count278
\l__tblr_key_quotient_int=\count279
\l__tblr_key_quotient_two_int=\count280
\l__tblr_key_remainder_int=\count281
\g__tblr_data_str_value_count_int=\count282
\rulewidth=\dimen156
\l__tblr_strut_dp_dim=\dimen157
\l__tblr_strut_ht_dim=\dimen158
\g__tblr_cell_wd_dim=\dimen159
\g__tblr_cell_ht_dim=\dimen160
\g__tblr_cell_head_dim=\dimen161
\g__tblr_cell_foot_dim=\dimen162
\l__column_target_dim=\dimen163
\l__tblr_caption_box=\box60
\l__tblr_caption_left_box=\box61
\l__tblr_row_head_box=\box62
\l__tblr_row_foot_box=\box63
\l__tblr_row_head_foot_dim=\dimen164
\tablewidth=\dimen165
\l__tblr_table_firsthead_box=\box64
\l__tblr_table_middlehead_box=\box65
\l__tblr_table_lasthead_box=\box66
\l__tblr_table_firstfoot_box=\box67
\l__tblr_table_middlefoot_box=\box68
\l__tblr_table_lastfoot_box=\box69
\l__tblr_remain_height_dim=\dimen166
\l__tblr_long_from_int=\count283
\l__tblr_long_to_int=\count284
\l__tblr_curr_i_int=\count285
\l__tblr_prev_i_int=\count286
\l__tblr_table_page_int=\count287
\l__tblr_table_head_box=\box70
\l__tblr_table_foot_box=\box71
\l__tblr_table_head_foot_dim=\dimen167
\l__tblr_table_head_body_foot_dim=\dimen168
\l__tblr_table_box=\box72
\l__tblr_table_hlines_box=\box73
\l__tblr_hline_box=\box74
\l__tblr_row_box=\box75
\l__tblr_col_o_wd_dim=\dimen169
\l__tblr_col_b_wd_dim=\dimen170
\l__tblr_hline_leftskip_dim=\dimen171
\l__tblr_hline_rightskip_dim=\dimen172
\l__tblr_row_ht_dim=\dimen173
\l__tblr_row_dp_dim=\dimen174
\l__tblr_row_abovesep_dim=\dimen175
\l__tblr_row_belowsep_dim=\dimen176
\l__tblr_row_vlines_box=\box76
\l__tblr_vline_box=\box77
\l__tblr_cell_box=\box78
\l__row_upper_dim=\dimen177
\l__row_lower_dim=\dimen178
\l__row_vpace_dim=\dimen179
\l__tblr_vline_aboveskip_dim=\dimen180
\l__tblr_vline_belowskip_dim=\dimen181
\l__tblr_cell_wd_dim=\dimen182
\l__tblr_cell_ht_dim=\dimen183
\l__tblr_diag_box=\box79
)
(/Library/Application Support/MiKTeX/texmfs/install/tex/latex/xcolor/xcolor.sty
Package: xcolor 2021/10/31 v2.13 LaTeX color extensions (UK)

(/Library/Application Support/MiKTeX/texmfs/install/tex/latex/graphics-cfg/colo
r.cfg
File: color.cfg 2016/01/02 v1.6 sample color configuration
)
Package xcolor Info: Driver file: pdftex.def on input line 227.
Package xcolor Info: Model `cmy' substituted by `cmy0' on input line 1352.
Package xcolor Info: Model `hsb' substituted by `rgb' on input line 1356.
Package xcolor Info: Model `RGB' extended on input line 1368.
Package xcolor Info: Model `HTML' substituted by `rgb' on input line 1370.
Package xcolor Info: Model `Hsb' substituted by `hsb' on input line 1371.
Package xcolor Info: Model `tHsb' substituted by `hsb' on input line 1372.
Package xcolor Info: Model `HSB' substituted by `hsb' on input line 1373.
Package xcolor Info: Model `Gray' substituted by `gray' on input line 1374.
Package xcolor Info: Model `wave' substituted by `hsb' on input line 1375.
)
(/Users/charles/Library/Application Support/MiKTeX/texmfs/install/tex/latex/her
e/here.sty)
(/Users/charles/Library/Application Support/MiKTeX/texmfs/install/tex/latex/flo
at/float.sty
Package: float 2001/11/08 v1.3d Float enhancements (AL)
\c@float@type=\count288
\float@exts=\toks18
\float@box=\box80
\@float@everytoks=\toks19
\@floatcapt=\box81
)
(/Library/Application Support/MiKTeX/texmfs/install/tex/latex/amsmath/amsmath.s
ty
Package: amsmath 2021/10/15 v2.17l AMS math features
\@mathmargin=\skip53

For additional information on amsmath, use the `?' option.

(/Library/Application Support/MiKTeX/texmfs/install/tex/latex/amsmath/amstext.s
ty
Package: amstext 2021/08/26 v2.01 AMS text

(/Library/Application Support/MiKTeX/texmfs/install/tex/latex/amsmath/amsgen.st
y
File: amsgen.sty 1999/11/30 v2.0 generic functions
\@emptytoks=\toks20
\ex@=\dimen184
))
(/Library/Application Support/MiKTeX/texmfs/install/tex/latex/amsmath/amsbsy.st
y
Package: amsbsy 1999/11/29 v1.2d Bold Symbols
\pmbraise@=\dimen185
)
(/Library/Application Support/MiKTeX/texmfs/install/tex/latex/amsmath/amsopn.st
y
Package: amsopn 2021/08/26 v2.02 operator names
)
\inf@bad=\count289
LaTeX Info: Redefining \frac on input line 234.
\uproot@=\count290
\leftroot@=\count291
LaTeX Info: Redefining \overline on input line 399.
\classnum@=\count292
\DOTSCASE@=\count293
LaTeX Info: Redefining \ldots on input line 496.
LaTeX Info: Redefining \dots on input line 499.
LaTeX Info: Redefining \cdots on input line 620.
\Mathstrutbox@=\box82
\strutbox@=\box83
\big@size=\dimen186
LaTeX Font Info:    Redeclaring font encoding OML on input line 743.
LaTeX Font Info:    Redeclaring font encoding OMS on input line 744.
\macc@depth=\count294
\c@MaxMatrixCols=\count295
\dotsspace@=\muskip16
\c@parentequation=\count296
\dspbrk@lvl=\count297
\tag@help=\toks21
\row@=\count298
\column@=\count299
\maxfields@=\count300
\andhelp@=\toks22
\eqnshift@=\dimen187
\alignsep@=\dimen188
\tagshift@=\dimen189
\tagwidth@=\dimen190
\totwidth@=\dimen191
\lineht@=\dimen192
\@envbody=\toks23
\multlinegap=\skip54
\multlinetaggap=\skip55
\mathdisplay@stack=\toks24
LaTeX Info: Redefining \[ on input line 2938.
LaTeX Info: Redefining \] on input line 2939.
)
(/Library/Application Support/MiKTeX/texmfs/install/tex/latex/amsfonts/amssymb.
sty
Package: amssymb 2013/01/14 v3.01 AMS font symbols

(/Library/Application Support/MiKTeX/texmfs/install/tex/latex/amsfonts/amsfonts
.sty
Package: amsfonts 2013/01/14 v3.01 Basic AMSFonts support
\symAMSa=\mathgroup4
\symAMSb=\mathgroup5
LaTeX Font Info:    Redeclaring math symbol \hbar on input line 98.
LaTeX Font Info:    Overwriting math alphabet `\mathfrak' in version `bold'
(Font)                  U/euf/m/n --> U/euf/b/n on input line 106.
))
(/Users/charles/Library/Application Support/MiKTeX/texmfs/install/tex/latex/nat
bib/natbib.sty
Package: natbib 2010/09/13 8.31b (PWD, AO)
\bibhang=\skip56
\bibsep=\skip57
LaTeX Info: Redefining \cite on input line 694.
\c@NAT@ctr=\count301
)
(/Library/Application Support/MiKTeX/texmfs/install/tex/latex/pgf/utilities/pgf
for.sty
(/Library/Application Support/MiKTeX/texmfs/install/tex/latex/pgf/utilities/pgf
rcs.sty
(/Library/Application Support/MiKTeX/texmfs/install/tex/generic/pgf/utilities/p
gfutil-common.tex
\pgfutil@everybye=\toks25
\pgfutil@tempdima=\dimen193
\pgfutil@tempdimb=\dimen194

(/Library/Application Support/MiKTeX/texmfs/install/tex/generic/pgf/utilities/p
gfutil-common-lists.tex))
(/Library/Application Support/MiKTeX/texmfs/install/tex/generic/pgf/utilities/p
gfutil-latex.def
\pgfutil@abb=\box84
)
(/Library/Application Support/MiKTeX/texmfs/install/tex/generic/pgf/utilities/p
gfrcs.code.tex
(/Library/Application Support/MiKTeX/texmfs/install/tex/generic/pgf/pgf.revisio
n.tex)
Package: pgfrcs 2021/05/15 v3.1.9a (3.1.9a)
))
(/Library/Application Support/MiKTeX/texmfs/install/tex/latex/pgf/utilities/pgf
keys.sty
(/Library/Application Support/MiKTeX/texmfs/install/tex/generic/pgf/utilities/p
gfkeys.code.tex
\pgfkeys@pathtoks=\toks26
\pgfkeys@temptoks=\toks27

(/Library/Application Support/MiKTeX/texmfs/install/tex/generic/pgf/utilities/p
gfkeysfiltered.code.tex
\pgfkeys@tmptoks=\toks28
)))
(/Library/Application Support/MiKTeX/texmfs/install/tex/latex/pgf/math/pgfmath.
sty
(/Library/Application Support/MiKTeX/texmfs/install/tex/generic/pgf/math/pgfmat
h.code.tex
(/Library/Application Support/MiKTeX/texmfs/install/tex/generic/pgf/math/pgfmat
hcalc.code.tex
(/Library/Application Support/MiKTeX/texmfs/install/tex/generic/pgf/math/pgfmat
hutil.code.tex
\pgf@x=\dimen195
\pgf@xa=\dimen196
\pgf@xb=\dimen197
\pgf@xc=\dimen198
\pgf@y=\dimen199
\pgf@ya=\dimen256
\pgf@yb=\dimen257
\pgf@yc=\dimen258
\c@pgf@counta=\count302
\c@pgf@countb=\count303
\c@pgf@countc=\count304
\c@pgf@countd=\count305
)
(/Library/Application Support/MiKTeX/texmfs/install/tex/generic/pgf/math/pgfmat
hparser.code.tex
\pgfmath@dimen=\dimen259
\pgfmath@count=\count306
\pgfmath@box=\box85
\pgfmath@toks=\toks29
\pgfmath@stack@operand=\toks30
\pgfmath@stack@operation=\toks31
)
(/Library/Application Support/MiKTeX/texmfs/install/tex/generic/pgf/math/pgfmat
hfunctions.code.tex
(/Library/Application Support/MiKTeX/texmfs/install/tex/generic/pgf/math/pgfmat
hfunctions.basic.code.tex)
(/Library/Application Support/MiKTeX/texmfs/install/tex/generic/pgf/math/pgfmat
hfunctions.trigonometric.code.tex)
(/Library/Application Support/MiKTeX/texmfs/install/tex/generic/pgf/math/pgfmat
hfunctions.random.code.tex)
(/Library/Application Support/MiKTeX/texmfs/install/tex/generic/pgf/math/pgfmat
hfunctions.comparison.code.tex)
(/Library/Application Support/MiKTeX/texmfs/install/tex/generic/pgf/math/pgfmat
hfunctions.base.code.tex)
(/Library/Application Support/MiKTeX/texmfs/install/tex/generic/pgf/math/pgfmat
hfunctions.round.code.tex)
(/Library/Application Support/MiKTeX/texmfs/install/tex/generic/pgf/math/pgfmat
hfunctions.misc.code.tex)
(/Library/Application Support/MiKTeX/texmfs/install/tex/generic/pgf/math/pgfmat
hfunctions.integerarithmetics.code.tex)))
(/Library/Application Support/MiKTeX/texmfs/install/tex/generic/pgf/math/pgfmat
hfloat.code.tex
\c@pgfmathroundto@lastzeros=\count307
)))
(/Library/Application Support/MiKTeX/texmfs/install/tex/generic/pgf/utilities/p
gffor.code.tex
Package: pgffor 2021/05/15 v3.1.9a (3.1.9a)

(/Library/Application Support/MiKTeX/texmfs/install/tex/generic/pgf/math/pgfmat
h.code.tex)
\pgffor@iter=\dimen260
\pgffor@skip=\dimen261
\pgffor@stack=\toks32
\pgffor@toks=\toks33
))
(/Library/Application Support/MiKTeX/texmfs/install/tex/latex/hyperref/hyperref
.sty
Package: hyperref 2022-05-17 v7.00q Hypertext links for LaTeX

(/Users/charles/Library/Application Support/MiKTeX/texmfs/install/tex/generic/l
txcmds/ltxcmds.sty
Package: ltxcmds 2020-05-10 v1.25 LaTeX kernel commands for general use (HO)
)
(/Library/Application Support/MiKTeX/texmfs/install/tex/generic/iftex/iftex.sty
Package: iftex 2022/02/03 v1.0f TeX engine tests
)
(/Library/Application Support/MiKTeX/texmfs/install/tex/generic/pdftexcmds/pdft
excmds.sty
Package: pdftexcmds 2020-06-27 v0.33 Utility functions of pdfTeX for LuaTeX (HO
)

(/Users/charles/Library/Application Support/MiKTeX/texmfs/install/tex/generic/i
nfwarerr/infwarerr.sty
Package: infwarerr 2019/12/03 v1.5 Providing info/warning/error messages (HO)
)
Package pdftexcmds Info: \pdf@primitive is available.
Package pdftexcmds Info: \pdf@ifprimitive is available.
Package pdftexcmds Info: \pdfdraftmode found.
)
(/Users/charles/Library/Application Support/MiKTeX/texmfs/install/tex/generic/k
vsetkeys/kvsetkeys.sty
Package: kvsetkeys 2019/12/15 v1.18 Key value parser (HO)
)
(/Users/charles/Library/Application Support/MiKTeX/texmfs/install/tex/generic/k
vdefinekeys/kvdefinekeys.sty
Package: kvdefinekeys 2019-12-19 v1.6 Define keys (HO)
)
(/Users/charles/Library/Application Support/MiKTeX/texmfs/install/tex/generic/p
dfescape/pdfescape.sty
Package: pdfescape 2019/12/09 v1.15 Implements pdfTeX's escape features (HO)
)
(/Users/charles/Library/Application Support/MiKTeX/texmfs/install/tex/latex/hyc
olor/hycolor.sty
Package: hycolor 2020-01-27 v1.10 Color options for hyperref/bookmark (HO)
)
(/Users/charles/Library/Application Support/MiKTeX/texmfs/install/tex/latex/let
ltxmacro/letltxmacro.sty
Package: letltxmacro 2019/12/03 v1.6 Let assignment for LaTeX macros (HO)
)
(/Users/charles/Library/Application Support/MiKTeX/texmfs/install/tex/latex/aux
hook/auxhook.sty
Package: auxhook 2019-12-17 v1.6 Hooks for auxiliary files (HO)
)
(/Library/Application Support/MiKTeX/texmfs/install/tex/latex/hyperref/nameref.
sty
Package: nameref 2022-05-17 v2.50 Cross-referencing by name of section

(/Users/charles/Library/Application Support/MiKTeX/texmfs/install/tex/latex/ref
count/refcount.sty
Package: refcount 2019/12/15 v3.6 Data extraction from label references (HO)
)
(/Users/charles/Library/Application Support/MiKTeX/texmfs/install/tex/generic/g
ettitlestring/gettitlestring.sty
Package: gettitlestring 2019/12/15 v1.6 Cleanup title references (HO)

(/Users/charles/Library/Application Support/MiKTeX/texmfs/install/tex/latex/kvo
ptions/kvoptions.sty
Package: kvoptions 2020-10-07 v3.14 Key value format for package options (HO)
))
\c@section@level=\count308
)
\@linkdim=\dimen262
\Hy@linkcounter=\count309
\Hy@pagecounter=\count310

(/Library/Application Support/MiKTeX/texmfs/install/tex/latex/hyperref/pd1enc.d
ef
File: pd1enc.def 2022-05-17 v7.00q Hyperref: PDFDocEncoding definition (HO)
Now handling font encoding PD1 ...
... no UTF-8 mapping file for font encoding PD1
)
(/Users/charles/Library/Application Support/MiKTeX/texmfs/install/tex/generic/i
ntcalc/intcalc.sty
Package: intcalc 2019/12/15 v1.3 Expandable calculations with integers (HO)
)
(/Users/charles/Library/Application Support/MiKTeX/texmfs/install/tex/generic/e
texcmds/etexcmds.sty
Package: etexcmds 2019/12/15 v1.7 Avoid name clashes with e-TeX commands (HO)
)
\Hy@SavedSpaceFactor=\count311

(/Library/Application Support/MiKTeX/texmfs/install/tex/latex/hyperref/puenc.de
f
File: puenc.def 2022-05-17 v7.00q Hyperref: PDF Unicode definition (HO)
Now handling font encoding PU ...
... no UTF-8 mapping file for font encoding PU
)
Package hyperref Info: Option `colorlinks' set `true' on input line 4020.
Package hyperref Info: Hyper figures OFF on input line 4139.
Package hyperref Info: Link nesting OFF on input line 4144.
Package hyperref Info: Hyper index ON on input line 4147.
Package hyperref Info: Plain pages OFF on input line 4154.
Package hyperref Info: Backreferencing OFF on input line 4159.
Package hyperref Info: Implicit mode ON; LaTeX internals redefined.
Package hyperref Info: Bookmarks ON on input line 4385.
\c@Hy@tempcnt=\count312
 (/Library/Application Support/MiKTeX/texmfs/install/tex/latex/url/url.sty
\Urlmuskip=\muskip17
Package: url 2013/09/16  ver 3.4  Verb mode for urls, etc.
)
LaTeX Info: Redefining \url on input line 4723.
\XeTeXLinkMargin=\dimen263

(/Users/charles/Library/Application Support/MiKTeX/texmfs/install/tex/generic/b
itset/bitset.sty
Package: bitset 2019/12/09 v1.3 Handle bit-vector datatype (HO)

(/Users/charles/Library/Application Support/MiKTeX/texmfs/install/tex/generic/b
igintcalc/bigintcalc.sty
Package: bigintcalc 2019/12/15 v1.5 Expandable calculations on big integers (HO
)
))
\Fld@menulength=\count313
\Field@Width=\dimen264
\Fld@charsize=\dimen265
Package hyperref Info: Hyper figures OFF on input line 6001.
Package hyperref Info: Link nesting OFF on input line 6006.
Package hyperref Info: Hyper index ON on input line 6009.
Package hyperref Info: backreferencing OFF on input line 6016.
Package hyperref Info: Link coloring ON on input line 6019.
Package hyperref Info: Link coloring with OCG OFF on input line 6026.
Package hyperref Info: PDF/A mode OFF on input line 6031.
LaTeX Info: Redefining \ref on input line 6078.
LaTeX Info: Redefining \pageref on input line 6078.

(/Library/Application Support/MiKTeX/texmfs/install/tex/latex/base/atbegshi-ltx
.sty
Package: atbegshi-ltx 2021/01/10 v1.0c Emulation of the original atbegshi
package with kernel methods
)
\Hy@abspage=\count314
\c@Item=\count315
\c@Hfootnote=\count316
)
Package hyperref Info: Driver: hpdftex.

(/Library/Application Support/MiKTeX/texmfs/install/tex/latex/hyperref/hpdftex.
def
File: hpdftex.def 2022-05-17 v7.00q Hyperref driver for pdfTeX

(/Library/Application Support/MiKTeX/texmfs/install/tex/latex/base/atveryend-lt
x.sty
Package: atveryend-ltx 2020/08/19 v1.0a Emulation of the original atveryend pac
kage
with kernel methods
)
\Fld@listcount=\count317
\c@bookmark@seq@number=\count318

(/Users/charles/Library/Application Support/MiKTeX/texmfs/install/tex/latex/rer
unfilecheck/rerunfilecheck.sty
Package: rerunfilecheck 2019/12/05 v1.9 Rerun checks for auxiliary files (HO)

(/Users/charles/Library/Application Support/MiKTeX/texmfs/install/tex/generic/u
niquecounter/uniquecounter.sty
Package: uniquecounter 2019/12/15 v1.4 Provide unlimited unique counter (HO)
)
Package uniquecounter Info: New unique counter `rerunfilecheck' on input line 2
86.
)
\Hy@SectionHShift=\skip58
)
(/Users/charles/Library/Application Support/MiKTeX/texmfs/install/tex/latex/cle
veref/cleveref.sty
Package: cleveref 2018/03/27 v0.21.4 Intelligent cross-referencing
Package cleveref Info: `hyperref' support loaded on input line 2370.
LaTeX Info: Redefining \cref on input line 2370.
LaTeX Info: Redefining \Cref on input line 2370.
LaTeX Info: Redefining \crefrange on input line 2370.
LaTeX Info: Redefining \Crefrange on input line 2370.
LaTeX Info: Redefining \cpageref on input line 2370.
LaTeX Info: Redefining \Cpageref on input line 2370.
LaTeX Info: Redefining \cpagerefrange on input line 2370.
LaTeX Info: Redefining \Cpagerefrange on input line 2370.
LaTeX Info: Redefining \labelcref on input line 2370.
LaTeX Info: Redefining \labelcpageref on input line 2370.
)
(/Users/charles/Library/Application Support/MiKTeX/texmfs/install/tex/latex/pre
print/authblk.sty
Package: authblk 2001/02/27 1.3 (PWD)
\affilsep=\skip59
\@affilsep=\skip60
\c@Maxaffil=\count319
\c@authors=\count320
\c@affil=\count321
)
(/Users/charles/Library/Application Support/MiKTeX/texmfs/install/tex/latex/cap
tion/subcaption.sty
Package: subcaption 2022/01/07 v1.5 Sub-captions (AR)

(/Users/charles/Library/Application Support/MiKTeX/texmfs/install/tex/latex/cap
tion/caption.sty
Package: caption 2022/03/01 v3.6b Customizing captions (AR)

(/Users/charles/Library/Application Support/MiKTeX/texmfs/install/tex/latex/cap
tion/caption3.sty
Package: caption3 2022/03/17 v2.3b caption3 kernel (AR)
\caption@tempdima=\dimen266
\captionmargin=\dimen267
\caption@leftmargin=\dimen268
\caption@rightmargin=\dimen269
\caption@width=\dimen270
\caption@indent=\dimen271
\caption@parindent=\dimen272
\caption@hangindent=\dimen273
Package caption Info: Standard document class detected.
)
\c@caption@flags=\count322
\c@continuedfloat=\count323
Package caption Info: float package is loaded.
Package caption Info: hyperref package is loaded.
Package caption Info: longtable package is loaded.

(/Users/charles/Library/Application Support/MiKTeX/texmfs/install/tex/latex/cap
tion/ltcaption.sty
Package: ltcaption 2021/01/08 v1.4c longtable captions (AR)
))
\c@subfigure=\count324
\c@subtable=\count325
)
(/Users/charles/Library/Application Support/MiKTeX/texmfs/install/tex/latex/mul
tirow/multirow.sty
Package: multirow 2021/03/15 v2.8 Span multiple rows of a table
\multirow@colwidth=\skip61
\multirow@cntb=\count326
\multirow@dima=\skip62
\bigstrutjot=\dimen274
)
(/Users/charles/Library/Application Support/MiKTeX/texmfs/install/tex/latex/ary
dshln/arydshln.sty
Package: arydshln 2019/02/21 v1.76 
\dashlinedash=\dimen275
\dashlinegap=\dimen276
\adl@box=\box86
\adl@height=\dimen277
\adl@heightsave=\dimen278
\adl@depth=\dimen279
\adl@depthsave=\dimen280
\adl@finaldepth=\dimen281
\adl@columns=\count327
\adl@ncol=\count328
\adl@currentcolumn=\count329
\adl@currentcolumnsave=\count330
\adl@totalheight=\count331
\adl@totalheightsave=\count332
\adl@dash=\count333
\adl@gap=\count334
\adl@cla=\count335
\adl@clb=\count336
\adl@everyvbox=\toks34
\adl@LTpagetotal=\dimen282
)
(/Users/charles/Library/Application Support/MiKTeX/texmfs/install/tex/latex/gra
phbox/graphbox.sty
Package: graphbox 2018/01/17 v1.1 extension for graphicx to adjust containing b
ox
\Gin@box@box=\box87
\Gin@box@width=\skip63
\Gin@box@height=\skip64
\Gin@box@raise=\skip65
\Gin@box@hspace=\skip66
\Gin@box@bwidth=\skip67
\Gin@box@bheight=\skip68
)
(/Users/charles/Library/Application Support/MiKTeX/texmfs/install/tex/latex/col
ortbl/colortbl.sty
Package: colortbl 2020/01/04 v1.0e Color table columns (DPC)

(/Library/Application Support/MiKTeX/texmfs/install/tex/latex/tools/array.sty
Package: array 2021/10/04 v2.5f Tabular extension package (FMi)
\col@sep=\dimen283
\ar@mcellbox=\box88
\extrarowheight=\dimen284
\NC@list=\toks35
\extratabsurround=\skip69
\backup@length=\skip70
\ar@cellbox=\box89
)
\everycr=\toks36
\minrowclearance=\skip71
)
(/Library/Application Support/MiKTeX/texmfs/install/tex/latex/graphics/epsfig.s
ty
Package: epsfig 2017/06/25 v1.7b (e)psfig emulation (SPQR)
\epsfxsize=\dimen285
\epsfysize=\dimen286
)
(/Users/charles/Library/Application Support/MiKTeX/texmfs/install/tex/latex/com
ment/comment.sty
\CommentStream=\write3
 Excluding comment 'comment')
(/Users/charles/Library/Application Support/MiKTeX/texmfs/install/tex/generic/m
athdots/mathdots.sty
Package: mathdots 2014/06/11 v0.9 Improve and add various macros for dots in ma
th.
\MDo@unit=\dimen287
\MDo@dotsbox=\box90
\MDoprekern=\muskip18
\MDopostkern=\muskip19
\MDodotkern=\muskip20
)
(/Users/charles/Library/Application Support/MiKTeX/texmfs/install/tex/latex/jkn
appen/mathrsfs.sty
Package: mathrsfs 1996/01/01 Math RSFS package v1.0 (jk)
\symrsfs=\mathgroup6
)
(/Library/Application Support/MiKTeX/texmfs/install/tex/latex/epstopdf-pkg/epst
opdf.sty
Package: epstopdf 2020-01-24 v2.11 Conversion with epstopdf on the fly (HO)

(/Users/charles/Library/Application Support/MiKTeX/texmfs/install/tex/latex/grf
ext/grfext.sty
Package: grfext 2019/12/03 v1.3 Manage graphics extensions (HO)
)
(/Library/Application Support/MiKTeX/texmfs/install/tex/latex/epstopdf-pkg/epst
opdf-base.sty
Package: epstopdf-base 2020-01-24 v2.11 Base part for package epstopdf
Package epstopdf-base Info: Redefining graphics rule for `.eps' on input line 4
85.
Package grfext Info: Graphics extension search list:
(grfext)             [.pdf,.png,.jpg,.mps,.jpeg,.jbig2,.jb2,.PDF,.PNG,.JPG,.JPE
G,.JBIG2,.JB2,.eps]
(grfext)             \AppendGraphicsExtensions on input line 504.

(/Library/Application Support/MiKTeX/texmfs/install/tex/latex/00miktex/epstopdf
-sys.cfg
File: epstopdf-sys.cfg 2021/03/18 v2.0 Configuration of epstopdf for MiKTeX
)))
(/Library/Application Support/MiKTeX/texmfs/install/tex/latex/base/makeidx.sty
Package: makeidx 2021/10/04 v1.0m Standard LaTeX package
)
(/Library/Application Support/MiKTeX/texmfs/install/tex/generic/iftex/ifpdf.sty
Package: ifpdf 2019/10/25 v3.4 ifpdf legacy package. Use iftex instead.
)
(/Library/Application Support/MiKTeX/texmfs/install/tex/latex/pgf/frontendlayer
/tikz.sty
(/Library/Application Support/MiKTeX/texmfs/install/tex/latex/pgf/basiclayer/pg
f.sty
Package: pgf 2021/05/15 v3.1.9a (3.1.9a)

(/Library/Application Support/MiKTeX/texmfs/install/tex/latex/pgf/basiclayer/pg
fcore.sty
(/Library/Application Support/MiKTeX/texmfs/install/tex/latex/pgf/systemlayer/p
gfsys.sty
(/Library/Application Support/MiKTeX/texmfs/install/tex/generic/pgf/systemlayer
/pgfsys.code.tex
Package: pgfsys 2021/05/15 v3.1.9a (3.1.9a)

(/Library/Application Support/MiKTeX/texmfs/install/tex/generic/pgf/utilities/p
gfkeys.code.tex)
\pgf@x=\dimen288
\pgf@y=\dimen289
\pgf@xa=\dimen290
\pgf@ya=\dimen291
\pgf@xb=\dimen292
\pgf@yb=\dimen293
\pgf@xc=\dimen294
\pgf@yc=\dimen295
\pgf@xd=\dimen296
\pgf@yd=\dimen297
\w@pgf@writea=\write4
\r@pgf@reada=\read2
\c@pgf@counta=\count337
\c@pgf@countb=\count338
\c@pgf@countc=\count339
\c@pgf@countd=\count340
\t@pgf@toka=\toks37
\t@pgf@tokb=\toks38
\t@pgf@tokc=\toks39
\pgf@sys@id@count=\count341

(/Library/Application Support/MiKTeX/texmfs/install/tex/generic/pgf/systemlayer
/pgf.cfg
File: pgf.cfg 2021/05/15 v3.1.9a (3.1.9a)
)
Driver file for pgf: pgfsys-pdftex.def

(/Library/Application Support/MiKTeX/texmfs/install/tex/generic/pgf/systemlayer
/pgfsys-pdftex.def
File: pgfsys-pdftex.def 2021/05/15 v3.1.9a (3.1.9a)

(/Library/Application Support/MiKTeX/texmfs/install/tex/generic/pgf/systemlayer
/pgfsys-common-pdf.def
File: pgfsys-common-pdf.def 2021/05/15 v3.1.9a (3.1.9a)
)))
(/Library/Application Support/MiKTeX/texmfs/install/tex/generic/pgf/systemlayer
/pgfsyssoftpath.code.tex
File: pgfsyssoftpath.code.tex 2021/05/15 v3.1.9a (3.1.9a)
\pgfsyssoftpath@smallbuffer@items=\count342
\pgfsyssoftpath@bigbuffer@items=\count343
)
(/Library/Application Support/MiKTeX/texmfs/install/tex/generic/pgf/systemlayer
/pgfsysprotocol.code.tex
File: pgfsysprotocol.code.tex 2021/05/15 v3.1.9a (3.1.9a)
))
(/Library/Application Support/MiKTeX/texmfs/install/tex/generic/pgf/basiclayer/
pgfcore.code.tex
Package: pgfcore 2021/05/15 v3.1.9a (3.1.9a)

(/Library/Application Support/MiKTeX/texmfs/install/tex/generic/pgf/math/pgfmat
h.code.tex)
(/Library/Application Support/MiKTeX/texmfs/install/tex/generic/pgf/math/pgfint
.code.tex)
(/Library/Application Support/MiKTeX/texmfs/install/tex/generic/pgf/basiclayer/
pgfcorepoints.code.tex
File: pgfcorepoints.code.tex 2021/05/15 v3.1.9a (3.1.9a)
\pgf@picminx=\dimen298
\pgf@picmaxx=\dimen299
\pgf@picminy=\dimen300
\pgf@picmaxy=\dimen301
\pgf@pathminx=\dimen302
\pgf@pathmaxx=\dimen303
\pgf@pathminy=\dimen304
\pgf@pathmaxy=\dimen305
\pgf@xx=\dimen306
\pgf@xy=\dimen307
\pgf@yx=\dimen308
\pgf@yy=\dimen309
\pgf@zx=\dimen310
\pgf@zy=\dimen311
)
(/Library/Application Support/MiKTeX/texmfs/install/tex/generic/pgf/basiclayer/
pgfcorepathconstruct.code.tex
File: pgfcorepathconstruct.code.tex 2021/05/15 v3.1.9a (3.1.9a)
\pgf@path@lastx=\dimen312
\pgf@path@lasty=\dimen313
)
(/Library/Application Support/MiKTeX/texmfs/install/tex/generic/pgf/basiclayer/
pgfcorepathusage.code.tex
File: pgfcorepathusage.code.tex 2021/05/15 v3.1.9a (3.1.9a)
\pgf@shorten@end@additional=\dimen314
\pgf@shorten@start@additional=\dimen315
)
(/Library/Application Support/MiKTeX/texmfs/install/tex/generic/pgf/basiclayer/
pgfcorescopes.code.tex
File: pgfcorescopes.code.tex 2021/05/15 v3.1.9a (3.1.9a)
\pgfpic=\box91
\pgf@hbox=\box92
\pgf@layerbox@main=\box93
\pgf@picture@serial@count=\count344
)
(/Library/Application Support/MiKTeX/texmfs/install/tex/generic/pgf/basiclayer/
pgfcoregraphicstate.code.tex
File: pgfcoregraphicstate.code.tex 2021/05/15 v3.1.9a (3.1.9a)
\pgflinewidth=\dimen316
)
(/Library/Application Support/MiKTeX/texmfs/install/tex/generic/pgf/basiclayer/
pgfcoretransformations.code.tex
File: pgfcoretransformations.code.tex 2021/05/15 v3.1.9a (3.1.9a)
\pgf@pt@x=\dimen317
\pgf@pt@y=\dimen318
\pgf@pt@temp=\dimen319
)
(/Library/Application Support/MiKTeX/texmfs/install/tex/generic/pgf/basiclayer/
pgfcorequick.code.tex
File: pgfcorequick.code.tex 2021/05/15 v3.1.9a (3.1.9a)
)
(/Library/Application Support/MiKTeX/texmfs/install/tex/generic/pgf/basiclayer/
pgfcoreobjects.code.tex
File: pgfcoreobjects.code.tex 2021/05/15 v3.1.9a (3.1.9a)
)
(/Library/Application Support/MiKTeX/texmfs/install/tex/generic/pgf/basiclayer/
pgfcorepathprocessing.code.tex
File: pgfcorepathprocessing.code.tex 2021/05/15 v3.1.9a (3.1.9a)
)
(/Library/Application Support/MiKTeX/texmfs/install/tex/generic/pgf/basiclayer/
pgfcorearrows.code.tex
File: pgfcorearrows.code.tex 2021/05/15 v3.1.9a (3.1.9a)
\pgfarrowsep=\dimen320
)
(/Library/Application Support/MiKTeX/texmfs/install/tex/generic/pgf/basiclayer/
pgfcoreshade.code.tex
File: pgfcoreshade.code.tex 2021/05/15 v3.1.9a (3.1.9a)
\pgf@max=\dimen321
\pgf@sys@shading@range@num=\count345
\pgf@shadingcount=\count346
)
(/Library/Application Support/MiKTeX/texmfs/install/tex/generic/pgf/basiclayer/
pgfcoreimage.code.tex
File: pgfcoreimage.code.tex 2021/05/15 v3.1.9a (3.1.9a)

(/Library/Application Support/MiKTeX/texmfs/install/tex/generic/pgf/basiclayer/
pgfcoreexternal.code.tex
File: pgfcoreexternal.code.tex 2021/05/15 v3.1.9a (3.1.9a)
\pgfexternal@startupbox=\box94
))
(/Library/Application Support/MiKTeX/texmfs/install/tex/generic/pgf/basiclayer/
pgfcorelayers.code.tex
File: pgfcorelayers.code.tex 2021/05/15 v3.1.9a (3.1.9a)
)
(/Library/Application Support/MiKTeX/texmfs/install/tex/generic/pgf/basiclayer/
pgfcoretransparency.code.tex
File: pgfcoretransparency.code.tex 2021/05/15 v3.1.9a (3.1.9a)
)
(/Library/Application Support/MiKTeX/texmfs/install/tex/generic/pgf/basiclayer/
pgfcorepatterns.code.tex
File: pgfcorepatterns.code.tex 2021/05/15 v3.1.9a (3.1.9a)
)
(/Library/Application Support/MiKTeX/texmfs/install/tex/generic/pgf/basiclayer/
pgfcorerdf.code.tex
File: pgfcorerdf.code.tex 2021/05/15 v3.1.9a (3.1.9a)
)))
(/Library/Application Support/MiKTeX/texmfs/install/tex/generic/pgf/modules/pgf
moduleshapes.code.tex
File: pgfmoduleshapes.code.tex 2021/05/15 v3.1.9a (3.1.9a)
\pgfnodeparttextbox=\box95
)
(/Library/Application Support/MiKTeX/texmfs/install/tex/generic/pgf/modules/pgf
moduleplot.code.tex
File: pgfmoduleplot.code.tex 2021/05/15 v3.1.9a (3.1.9a)
)
(/Library/Application Support/MiKTeX/texmfs/install/tex/latex/pgf/compatibility
/pgfcomp-version-0-65.sty
Package: pgfcomp-version-0-65 2021/05/15 v3.1.9a (3.1.9a)
\pgf@nodesepstart=\dimen322
\pgf@nodesepend=\dimen323
)
(/Library/Application Support/MiKTeX/texmfs/install/tex/latex/pgf/compatibility
/pgfcomp-version-1-18.sty
Package: pgfcomp-version-1-18 2021/05/15 v3.1.9a (3.1.9a)
))
(/Library/Application Support/MiKTeX/texmfs/install/tex/generic/pgf/frontendlay
er/tikz/tikz.code.tex
Package: tikz 2021/05/15 v3.1.9a (3.1.9a)

(/Library/Application Support/MiKTeX/texmfs/install/tex/generic/pgf/libraries/p
gflibraryplothandlers.code.tex
File: pgflibraryplothandlers.code.tex 2021/05/15 v3.1.9a (3.1.9a)
\pgf@plot@mark@count=\count347
\pgfplotmarksize=\dimen324
)
\tikz@lastx=\dimen325
\tikz@lasty=\dimen326
\tikz@lastxsaved=\dimen327
\tikz@lastysaved=\dimen328
\tikz@lastmovetox=\dimen329
\tikz@lastmovetoy=\dimen330
\tikzleveldistance=\dimen331
\tikzsiblingdistance=\dimen332
\tikz@figbox=\box96
\tikz@figbox@bg=\box97
\tikz@tempbox=\box98
\tikz@tempbox@bg=\box99
\tikztreelevel=\count348
\tikznumberofchildren=\count349
\tikznumberofcurrentchild=\count350
\tikz@fig@count=\count351

(/Library/Application Support/MiKTeX/texmfs/install/tex/generic/pgf/modules/pgf
modulematrix.code.tex
File: pgfmodulematrix.code.tex 2021/05/15 v3.1.9a (3.1.9a)
\pgfmatrixcurrentrow=\count352
\pgfmatrixcurrentcolumn=\count353
\pgf@matrix@numberofcolumns=\count354
)
\tikz@expandcount=\count355

(/Library/Application Support/MiKTeX/texmfs/install/tex/generic/pgf/frontendlay
er/tikz/libraries/tikzlibrarytopaths.code.tex
File: tikzlibrarytopaths.code.tex 2021/05/15 v3.1.9a (3.1.9a)
)))
(/Users/charles/Library/Application Support/MiKTeX/texmfs/install/tex/latex/tik
z-3dplot/tikz-3dplot.sty
(/Library/Application Support/MiKTeX/texmfs/install/tex/latex/base/ifthen.sty
Package: ifthen 2020/11/24 v1.1c Standard LaTeX ifthen package (DPC)
)
(/Library/Application Support/MiKTeX/texmfs/install/tex/generic/pgf/frontendlay
er/tikz/libraries/tikzlibrarycalc.code.tex
File: tikzlibrarycalc.code.tex 2021/05/15 v3.1.9a (3.1.9a)
)
(/Library/Application Support/MiKTeX/texmfs/install/tex/generic/pgf/frontendlay
er/tikz/libraries/tikzlibrary3d.code.tex
File: tikzlibrary3d.code.tex 2021/05/15 v3.1.9a (3.1.9a)
)
(/Library/Application Support/MiKTeX/texmfs/install/tex/generic/pgf/frontendlay
er/tikz/libraries/tikzlibraryarrows.code.tex
File: tikzlibraryarrows.code.tex 2021/05/15 v3.1.9a (3.1.9a)

(/Library/Application Support/MiKTeX/texmfs/install/tex/generic/pgf/libraries/p
gflibraryarrows.code.tex
File: pgflibraryarrows.code.tex 2021/05/15 v3.1.9a (3.1.9a)
\arrowsize=\dimen333
)))
(/Library/Application Support/MiKTeX/texmfs/install/tex/generic/pgf/frontendlay
er/tikz/libraries/tikzlibrarydecorations.pathmorphing.code.tex
(/Library/Application Support/MiKTeX/texmfs/install/tex/generic/pgf/frontendlay
er/tikz/libraries/tikzlibrarydecorations.code.tex
(/Library/Application Support/MiKTeX/texmfs/install/tex/generic/pgf/modules/pgf
moduledecorations.code.tex
\pgfdecoratedcompleteddistance=\dimen334
\pgfdecoratedremainingdistance=\dimen335
\pgfdecoratedinputsegmentcompleteddistance=\dimen336
\pgfdecoratedinputsegmentremainingdistance=\dimen337
\pgf@decorate@distancetomove=\dimen338
\pgf@decorate@repeatstate=\count356
\pgfdecorationsegmentamplitude=\dimen339
\pgfdecorationsegmentlength=\dimen340
)
\tikz@lib@dec@box=\box100
)
(/Library/Application Support/MiKTeX/texmfs/install/tex/generic/pgf/libraries/d
ecorations/pgflibrarydecorations.pathmorphing.code.tex))
(/Library/Application Support/MiKTeX/texmfs/install/tex/generic/pgf/frontendlay
er/tikz/libraries/tikzlibrarybackgrounds.code.tex
File: tikzlibrarybackgrounds.code.tex 2021/05/15 v3.1.9a (3.1.9a)
\pgf@layerbox@background=\box101
\pgf@layerboxsaved@background=\box102
)
(/Library/Application Support/MiKTeX/texmfs/install/tex/generic/pgf/frontendlay
er/tikz/libraries/tikzlibraryfit.code.tex
File: tikzlibraryfit.code.tex 2021/05/15 v3.1.9a (3.1.9a)
)
(/Library/Application Support/MiKTeX/texmfs/install/tex/generic/pgf/frontendlay
er/tikz/libraries/tikzlibrarypositioning.code.tex
File: tikzlibrarypositioning.code.tex 2021/05/15 v3.1.9a (3.1.9a)
)
(/Library/Application Support/MiKTeX/texmfs/install/tex/generic/pgf/frontendlay
er/tikz/libraries/tikzlibraryshapes.symbols.code.tex
File: tikzlibraryshapes.symbols.code.tex 2021/05/15 v3.1.9a (3.1.9a)

(/Library/Application Support/MiKTeX/texmfs/install/tex/generic/pgf/libraries/s
hapes/pgflibraryshapes.symbols.code.tex
File: pgflibraryshapes.symbols.code.tex 2021/05/15 v3.1.9a (3.1.9a)
))
(/Library/Application Support/MiKTeX/texmfs/install/tex/generic/pgf/frontendlay
er/tikz/libraries/tikzlibrarychains.code.tex
File: tikzlibrarychains.code.tex 2021/05/15 v3.1.9a (3.1.9a)
)
(/Library/Application Support/MiKTeX/texmfs/install/tex/generic/pgf/frontendlay
er/tikz/libraries/tikzlibrarymindmap.code.tex
File: tikzlibrarymindmap.code.tex 2021/05/15 v3.1.9a (3.1.9a)

(/Library/Application Support/MiKTeX/texmfs/install/tex/generic/pgf/frontendlay
er/tikz/libraries/tikzlibrarytrees.code.tex
File: tikzlibrarytrees.code.tex 2021/05/15 v3.1.9a (3.1.9a)
))
(/Users/charles/Library/Application Support/MiKTeX/texmfs/install/tex/latex/mat
lab-prettifier/matlab-prettifier.sty
Package: matlab-prettifier 2014/06/19 v0.3 A package for prettyprinting Matlab 
source code

(/Library/Application Support/MiKTeX/texmfs/install/tex/latex/base/textcomp.sty
Package: textcomp 2020/02/02 v2.0n Standard LaTeX package
)
(/Library/Application Support/MiKTeX/texmfs/install/tex/latex/listings/listings
.sty
\lst@mode=\count357
\lst@gtempboxa=\box103
\lst@token=\toks40
\lst@length=\count358
\lst@currlwidth=\dimen341
\lst@column=\count359
\lst@pos=\count360
\lst@lostspace=\dimen342
\lst@width=\dimen343
\lst@newlines=\count361
\lst@lineno=\count362
\lst@maxwidth=\dimen344

(/Library/Application Support/MiKTeX/texmfs/install/tex/latex/listings/lstmisc.
sty
File: lstmisc.sty 2020/03/24 1.8d (Carsten Heinz)
\c@lstnumber=\count363
\lst@skipnumbers=\count364
\lst@framebox=\box104
)
(/Library/Application Support/MiKTeX/texmfs/install/tex/latex/listings/listings
.cfg
File: listings.cfg 2020/03/24 1.8d listings configuration
))
Package: listings 2020/03/24 1.8d (Carsten Heinz)
\netBracketCount@mlpr=\count365
\blkLvl@mlpr=\count366
\blkLvlAtClassdef@mlpr=\count367
\emHeight@mlpr=\skip72
\jayDepth@mlpr=\skip73
\sectionRuleOffset@mlpr=\skip74
\toks@mlpr=\toks41
) (ex_math.tex)
\c@theorem=\count368
\c@lemma=\count369
\c@remark=\count370
\c@corr=\count371
\c@problem=\count372
 (main.aux

LaTeX Warning: Label `tab:sym-1a-r3' multiply defined.


LaTeX Warning: Label `tab:sym-1a-r3@cref' multiply defined.


LaTeX Warning: Label `tab:sym-1a-r3' multiply defined.


LaTeX Warning: Label `tab:sym-1a-r3@cref' multiply defined.


LaTeX Warning: Label `tab:sym-1a-r3' multiply defined.


LaTeX Warning: Label `tab:sym-1a-r3@cref' multiply defined.


LaTeX Warning: Label `tab:sym-1a-r3' multiply defined.


LaTeX Warning: Label `tab:sym-1a-r3@cref' multiply defined.


LaTeX Warning: Label `tab:sym-1a-r3' multiply defined.


LaTeX Warning: Label `tab:sym-1a-r3@cref' multiply defined.


LaTeX Warning: Label `tab:pol-1a-r3' multiply defined.


LaTeX Warning: Label `tab:pol-1a-r3@cref' multiply defined.


LaTeX Warning: Label `tab:pol-1a-r3' multiply defined.


LaTeX Warning: Label `tab:pol-1a-r3@cref' multiply defined.


LaTeX Warning: Label `tab:pol-1a-r3' multiply defined.


LaTeX Warning: Label `tab:pol-1a-r3@cref' multiply defined.


LaTeX Warning: Label `tab:pol-1a-r3' multiply defined.


LaTeX Warning: Label `tab:pol-1a-r3@cref' multiply defined.


LaTeX Warning: Label `tab:zer-1a-r3' multiply defined.


LaTeX Warning: Label `tab:zer-1a-r3@cref' multiply defined.


LaTeX Warning: Label `tab:zer-1a-r3' multiply defined.


LaTeX Warning: Label `tab:zer-1a-r3@cref' multiply defined.


LaTeX Warning: Label `tab:zer-1a-r3' multiply defined.


LaTeX Warning: Label `tab:zer-1a-r3@cref' multiply defined.


LaTeX Warning: Label `tab:zer-1a-r3' multiply defined.


LaTeX Warning: Label `tab:zer-1a-r3@cref' multiply defined.


LaTeX Warning: Label `tab:sym-1a-r4' multiply defined.


LaTeX Warning: Label `tab:sym-1a-r4@cref' multiply defined.


LaTeX Warning: Label `tab:sym-1a-r4' multiply defined.


LaTeX Warning: Label `tab:sym-1a-r4@cref' multiply defined.


LaTeX Warning: Label `tab:sym-1a-r4' multiply defined.


LaTeX Warning: Label `tab:sym-1a-r4@cref' multiply defined.


LaTeX Warning: Label `tab:sym-1a-r4' multiply defined.


LaTeX Warning: Label `tab:sym-1a-r4@cref' multiply defined.


LaTeX Warning: Label `tab:pol-1a-r4' multiply defined.


LaTeX Warning: Label `tab:pol-1a-r4@cref' multiply defined.


LaTeX Warning: Label `tab:pol-1a-r4' multiply defined.


LaTeX Warning: Label `tab:pol-1a-r4@cref' multiply defined.


LaTeX Warning: Label `tab:pol-1a-r4' multiply defined.


LaTeX Warning: Label `tab:pol-1a-r4@cref' multiply defined.


LaTeX Warning: Label `tab:pol-1a-r4' multiply defined.


LaTeX Warning: Label `tab:pol-1a-r4@cref' multiply defined.


LaTeX Warning: Label `tab:zer-1a-r4' multiply defined.


LaTeX Warning: Label `tab:zer-1a-r4@cref' multiply defined.


LaTeX Warning: Label `tab:zer-1a-r4' multiply defined.


LaTeX Warning: Label `tab:zer-1a-r4@cref' multiply defined.


LaTeX Warning: Label `tab:zer-1a-r4' multiply defined.


LaTeX Warning: Label `tab:zer-1a-r4@cref' multiply defined.


LaTeX Warning: Label `tab:zer-1a-r4' multiply defined.


LaTeX Warning: Label `tab:zer-1a-r4@cref' multiply defined.


LaTeX Warning: Label `tab:sym-1a-r5' multiply defined.


LaTeX Warning: Label `tab:sym-1a-r5@cref' multiply defined.


LaTeX Warning: Label `tab:sym-1a-r5' multiply defined.


LaTeX Warning: Label `tab:sym-1a-r5@cref' multiply defined.


LaTeX Warning: Label `tab:sym-1a-r5' multiply defined.


LaTeX Warning: Label `tab:sym-1a-r5@cref' multiply defined.


LaTeX Warning: Label `tab:sym-1a-r5' multiply defined.


LaTeX Warning: Label `tab:sym-1a-r5@cref' multiply defined.


LaTeX Warning: Label `tab:pol-1a-r5' multiply defined.


LaTeX Warning: Label `tab:pol-1a-r5@cref' multiply defined.


LaTeX Warning: Label `tab:pol-1a-r5' multiply defined.


LaTeX Warning: Label `tab:pol-1a-r5@cref' multiply defined.


LaTeX Warning: Label `tab:pol-1a-r5' multiply defined.


LaTeX Warning: Label `tab:pol-1a-r5@cref' multiply defined.


LaTeX Warning: Label `tab:pol-1a-r5' multiply defined.


LaTeX Warning: Label `tab:pol-1a-r5@cref' multiply defined.


LaTeX Warning: Label `tab:zer-1a-r5' multiply defined.


LaTeX Warning: Label `tab:zer-1a-r5@cref' multiply defined.


LaTeX Warning: Label `tab:zer-1a-r5' multiply defined.


LaTeX Warning: Label `tab:zer-1a-r5@cref' multiply defined.


LaTeX Warning: Label `tab:zer-1a-r5' multiply defined.


LaTeX Warning: Label `tab:zer-1a-r5@cref' multiply defined.


LaTeX Warning: Label `tab:zer-1a-r5' multiply defined.


LaTeX Warning: Label `tab:zer-1a-r5@cref' multiply defined.


LaTeX Warning: Label `tab:sym-1a-r6' multiply defined.


LaTeX Warning: Label `tab:sym-1a-r6@cref' multiply defined.


LaTeX Warning: Label `tab:sym-1a-r6' multiply defined.


LaTeX Warning: Label `tab:sym-1a-r6@cref' multiply defined.


LaTeX Warning: Label `tab:sym-1a-r6' multiply defined.


LaTeX Warning: Label `tab:sym-1a-r6@cref' multiply defined.


LaTeX Warning: Label `tab:sym-1a-r6' multiply defined.


LaTeX Warning: Label `tab:sym-1a-r6@cref' multiply defined.


LaTeX Warning: Label `tab:sym-1a-r6' multiply defined.


LaTeX Warning: Label `tab:sym-1a-r6@cref' multiply defined.


LaTeX Warning: Label `tab:pol-1a-r6' multiply defined.


LaTeX Warning: Label `tab:pol-1a-r6@cref' multiply defined.


LaTeX Warning: Label `tab:pol-1a-r6' multiply defined.


LaTeX Warning: Label `tab:pol-1a-r6@cref' multiply defined.


LaTeX Warning: Label `tab:pol-1a-r6' multiply defined.


LaTeX Warning: Label `tab:pol-1a-r6@cref' multiply defined.


LaTeX Warning: Label `tab:pol-1a-r6' multiply defined.


LaTeX Warning: Label `tab:pol-1a-r6@cref' multiply defined.


LaTeX Warning: Label `tab:zer-1a-r6' multiply defined.


LaTeX Warning: Label `tab:zer-1a-r6@cref' multiply defined.


LaTeX Warning: Label `tab:zer-1a-r6' multiply defined.


LaTeX Warning: Label `tab:zer-1a-r6@cref' multiply defined.


LaTeX Warning: Label `tab:zer-1a-r6' multiply defined.


LaTeX Warning: Label `tab:zer-1a-r6@cref' multiply defined.


LaTeX Warning: Label `tab:zer-1a-r6' multiply defined.


LaTeX Warning: Label `tab:zer-1a-r6@cref' multiply defined.


LaTeX Warning: Label `tab:sym-1a-r7' multiply defined.


LaTeX Warning: Label `tab:sym-1a-r7@cref' multiply defined.


LaTeX Warning: Label `tab:sym-1a-r7' multiply defined.


LaTeX Warning: Label `tab:sym-1a-r7@cref' multiply defined.


LaTeX Warning: Label `tab:sym-1a-r7' multiply defined.


LaTeX Warning: Label `tab:sym-1a-r7@cref' multiply defined.


LaTeX Warning: Label `tab:sym-1a-r7' multiply defined.


LaTeX Warning: Label `tab:sym-1a-r7@cref' multiply defined.


LaTeX Warning: Label `tab:pol-1a-r7' multiply defined.


LaTeX Warning: Label `tab:pol-1a-r7@cref' multiply defined.


LaTeX Warning: Label `tab:pol-1a-r7' multiply defined.


LaTeX Warning: Label `tab:pol-1a-r7@cref' multiply defined.


LaTeX Warning: Label `tab:pol-1a-r7' multiply defined.


LaTeX Warning: Label `tab:pol-1a-r7@cref' multiply defined.


LaTeX Warning: Label `tab:pol-1a-r7' multiply defined.


LaTeX Warning: Label `tab:pol-1a-r7@cref' multiply defined.


LaTeX Warning: Label `tab:zer-1a-r7' multiply defined.


LaTeX Warning: Label `tab:zer-1a-r7@cref' multiply defined.


LaTeX Warning: Label `tab:zer-1a-r7' multiply defined.


LaTeX Warning: Label `tab:zer-1a-r7@cref' multiply defined.


LaTeX Warning: Label `tab:zer-1a-r7' multiply defined.


LaTeX Warning: Label `tab:zer-1a-r7@cref' multiply defined.


LaTeX Warning: Label `tab:zer-1a-r7' multiply defined.


LaTeX Warning: Label `tab:zer-1a-r7@cref' multiply defined.


LaTeX Warning: Label `tab:sym-1a-r8' multiply defined.


LaTeX Warning: Label `tab:sym-1a-r8@cref' multiply defined.


LaTeX Warning: Label `tab:sym-1a-r8' multiply defined.


LaTeX Warning: Label `tab:sym-1a-r8@cref' multiply defined.


LaTeX Warning: Label `tab:sym-1a-r8' multiply defined.


LaTeX Warning: Label `tab:sym-1a-r8@cref' multiply defined.


LaTeX Warning: Label `tab:sym-1a-r8' multiply defined.


LaTeX Warning: Label `tab:sym-1a-r8@cref' multiply defined.


LaTeX Warning: Label `tab:sym-1a-r8' multiply defined.


LaTeX Warning: Label `tab:sym-1a-r8@cref' multiply defined.


LaTeX Warning: Label `tab:pol-1a-r8' multiply defined.


LaTeX Warning: Label `tab:pol-1a-r8@cref' multiply defined.


LaTeX Warning: Label `tab:pol-1a-r8' multiply defined.


LaTeX Warning: Label `tab:pol-1a-r8@cref' multiply defined.


LaTeX Warning: Label `tab:pol-1a-r8' multiply defined.


LaTeX Warning: Label `tab:pol-1a-r8@cref' multiply defined.


LaTeX Warning: Label `tab:pol-1a-r8' multiply defined.


LaTeX Warning: Label `tab:pol-1a-r8@cref' multiply defined.


LaTeX Warning: Label `tab:zer-1a-r8' multiply defined.


LaTeX Warning: Label `tab:zer-1a-r8@cref' multiply defined.


LaTeX Warning: Label `tab:zer-1a-r8' multiply defined.


LaTeX Warning: Label `tab:zer-1a-r8@cref' multiply defined.


LaTeX Warning: Label `tab:zer-1a-r8' multiply defined.


LaTeX Warning: Label `tab:zer-1a-r8@cref' multiply defined.


LaTeX Warning: Label `tab:zer-1a-r8' multiply defined.


LaTeX Warning: Label `tab:zer-1a-r8@cref' multiply defined.


LaTeX Warning: Label `tab:sym-1a-r9' multiply defined.


LaTeX Warning: Label `tab:sym-1a-r9@cref' multiply defined.


LaTeX Warning: Label `tab:sym-1a-r9' multiply defined.


LaTeX Warning: Label `tab:sym-1a-r9@cref' multiply defined.


LaTeX Warning: Label `tab:sym-1a-r9' multiply defined.


LaTeX Warning: Label `tab:sym-1a-r9@cref' multiply defined.


LaTeX Warning: Label `tab:sym-1a-r9' multiply defined.


LaTeX Warning: Label `tab:sym-1a-r9@cref' multiply defined.


LaTeX Warning: Label `tab:pol-1a-r9' multiply defined.


LaTeX Warning: Label `tab:pol-1a-r9@cref' multiply defined.


LaTeX Warning: Label `tab:pol-1a-r9' multiply defined.


LaTeX Warning: Label `tab:pol-1a-r9@cref' multiply defined.


LaTeX Warning: Label `tab:pol-1a-r9' multiply defined.


LaTeX Warning: Label `tab:pol-1a-r9@cref' multiply defined.


LaTeX Warning: Label `tab:pol-1a-r9' multiply defined.


LaTeX Warning: Label `tab:pol-1a-r9@cref' multiply defined.


LaTeX Warning: Label `tab:zer-1a-r9' multiply defined.


LaTeX Warning: Label `tab:zer-1a-r9@cref' multiply defined.


LaTeX Warning: Label `tab:zer-1a-r9' multiply defined.


LaTeX Warning: Label `tab:zer-1a-r9@cref' multiply defined.


LaTeX Warning: Label `tab:zer-1a-r9' multiply defined.


LaTeX Warning: Label `tab:zer-1a-r9@cref' multiply defined.


LaTeX Warning: Label `tab:zer-1a-r9' multiply defined.


LaTeX Warning: Label `tab:zer-1a-r9@cref' multiply defined.


LaTeX Warning: Label `tab:sym-1a-r10' multiply defined.


LaTeX Warning: Label `tab:sym-1a-r10@cref' multiply defined.


LaTeX Warning: Label `tab:sym-1a-r10' multiply defined.


LaTeX Warning: Label `tab:sym-1a-r10@cref' multiply defined.


LaTeX Warning: Label `tab:sym-1a-r10' multiply defined.


LaTeX Warning: Label `tab:sym-1a-r10@cref' multiply defined.


LaTeX Warning: Label `tab:sym-1a-r10' multiply defined.


LaTeX Warning: Label `tab:sym-1a-r10@cref' multiply defined.


LaTeX Warning: Label `tab:pol-1a-r10' multiply defined.


LaTeX Warning: Label `tab:pol-1a-r10@cref' multiply defined.


LaTeX Warning: Label `tab:pol-1a-r10' multiply defined.


LaTeX Warning: Label `tab:pol-1a-r10@cref' multiply defined.


LaTeX Warning: Label `tab:pol-1a-r10' multiply defined.


LaTeX Warning: Label `tab:pol-1a-r10@cref' multiply defined.


LaTeX Warning: Label `tab:pol-1a-r10' multiply defined.


LaTeX Warning: Label `tab:pol-1a-r10@cref' multiply defined.


LaTeX Warning: Label `tab:zer-1a-r10' multiply defined.


LaTeX Warning: Label `tab:zer-1a-r10@cref' multiply defined.


LaTeX Warning: Label `tab:zer-1a-r10' multiply defined.


LaTeX Warning: Label `tab:zer-1a-r10@cref' multiply defined.


LaTeX Warning: Label `tab:zer-1a-r10' multiply defined.


LaTeX Warning: Label `tab:zer-1a-r10@cref' multiply defined.


LaTeX Warning: Label `tab:zer-1a-r10' multiply defined.


LaTeX Warning: Label `tab:zer-1a-r10@cref' multiply defined.

)
\openout1 = `main.aux'.

LaTeX Font Info:    Checking defaults for OML/cmm/m/it on input line 76.
LaTeX Font Info:    ... okay on input line 76.
LaTeX Font Info:    Checking defaults for OMS/cmsy/m/n on input line 76.
LaTeX Font Info:    ... okay on input line 76.
LaTeX Font Info:    Checking defaults for OT1/cmr/m/n on input line 76.
LaTeX Font Info:    ... okay on input line 76.
LaTeX Font Info:    Checking defaults for T1/cmr/m/n on input line 76.
LaTeX Font Info:    ... okay on input line 76.
LaTeX Font Info:    Checking defaults for TS1/cmr/m/n on input line 76.
LaTeX Font Info:    ... okay on input line 76.
LaTeX Font Info:    Checking defaults for OMX/cmex/m/n on input line 76.
LaTeX Font Info:    ... okay on input line 76.
LaTeX Font Info:    Checking defaults for U/cmr/m/n on input line 76.
LaTeX Font Info:    ... okay on input line 76.
LaTeX Font Info:    Checking defaults for PD1/pdf/m/n on input line 76.
LaTeX Font Info:    ... okay on input line 76.
LaTeX Font Info:    Checking defaults for PU/pdf/m/n on input line 76.
LaTeX Font Info:    ... okay on input line 76.

(/Library/Application Support/MiKTeX/texmfs/install/tex/context/base/mkii/supp-
pdf.mkii
[Loading MPS to PDF converter (version 2006.09.02).]
\scratchcounter=\count373
\scratchdimen=\dimen345
\scratchbox=\box105
\nofMPsegments=\count374
\nofMParguments=\count375
\everyMPshowfont=\toks42
\MPscratchCnt=\count376
\MPscratchDim=\dimen346
\MPnumerator=\count377
\makeMPintoPDFobject=\count378
\everyMPtoPDFconversion=\toks43
)
(/Users/charles/Library/Application Support/MiKTeX/texmfs/install/tex/latex/nin
ecolors/ninecolors.sty
Package: ninecolors 2022-02-13 vv2022D Select colors with proper color contrast


(/Library/Application Support/MiKTeX/texmfs/install/tex/latex/l3packages/xparse
/xparse.sty
Package: xparse 2022-01-12 L3 Experimental document command parser
))
Package hyperref Info: Link coloring ON on input line 76.
 (main.out) (main.out)
\@outlinefile=\write5
\openout5 = `main.out'.

Package caption Info: Begin \AtBeginDocument code.
Package caption Info: listings package is loaded.
Package caption Info: End \AtBeginDocument code.
\c@lstlisting=\count379
LaTeX Font Info:    Trying to load font information for U+msa on input line 78.


(/Library/Application Support/MiKTeX/texmfs/install/tex/latex/amsfonts/umsa.fd
File: umsa.fd 2013/01/14 v3.01 AMS symbols A
)
LaTeX Font Info:    Trying to load font information for U+msb on input line 78.

(/Library/Application Support/MiKTeX/texmfs/install/tex/latex/amsfonts/umsb.fd
File: umsb.fd 2013/01/14 v3.01 AMS symbols B
)
LaTeX Font Info:    Trying to load font information for U+rsfs on input line 78
.

(/Users/charles/Library/Application Support/MiKTeX/texmfs/install/tex/latex/jkn
appen/ursfs.fd
File: ursfs.fd 1998/03/24 rsfs font definition file (jk)
) (main.toc [1

{/Users/charles/Library/Application Support/MiKTeX/texmfs/data/fonts/map/pdftex
/pdftex.map}]
LaTeX Font Info:    Font shape `OT1/cmtt/bx/n' in size <10> not available
(Font)              Font shape `OT1/cmtt/m/n' tried instead on input line 28.
)
\tf@toc=\write6
\openout6 = `main.toc'.


Overfull \hbox (4.52353pt too wide) in paragraph at lines 109--111
\OT1/cmr/m/n/10 Loewner Framework (LF) introduced in [[]], and the Adaptive Ant
oulas Anderson (AAA) algorithm
 []

[2]
Overfull \hbox (8.219pt too wide) in paragraph at lines 116--117
[]\OT1/cmr/m/n/10 we show that the rational functions computed with LF come ver
y close to optimal approximants
 []


LaTeX Warning: Reference `sec:num' on page 1 undefined on input line 121.


Package amsmath Warning: Foreign command \over;
(amsmath)                \frac or \genfrac should be used instead
(amsmath)                 on input line 133.

[3]
Overfull \hbox (42.28969pt too wide) in paragraph at lines 140--141
[]\OT1/cmr/m/it/10 Find $\OML/cmm/m/it/10 r[] \OMS/cmsy/m/n/10 2 \OML/cmm/m/it/
10 R[]$\OT1/cmr/m/it/10 , satisfying condition $[][] \OMS/cmsy/m/n/10 j\OML/cmm
/m/it/10 r[]\OT1/cmr/m/n/10 (\OML/cmm/m/it/10 z\OT1/cmr/m/n/10 )\OMS/cmsy/m/n/1
0 j \OT1/cmr/m/n/10 =
 []


Overfull \hbox (6.31155pt too wide) in paragraph at lines 162--163
[]\OT1/cmr/m/it/10 Find $[] \OMS/cmsy/m/n/10 2 \OML/cmm/m/it/10 R[]$ \OT1/cmr/m
/it/10 that attains the minimum (where
 []

[4]
LaTeX Font Info:    Trying to load font information for U+euf on input line 231
.

(/Library/Application Support/MiKTeX/texmfs/install/tex/latex/amsfonts/ueuf.fd
File: ueuf.fd 2013/01/14 v3.01 Euler Fraktur
)
Overfull \hbox (1.08748pt too wide) in paragraph at lines 231--233
[]\OT1/cmr/m/n/10 Given $\OML/cmm/m/it/10 N > \OT1/cmr/m/n/10 0$ distinct sampl
ing points $\OMS/cmsy/m/n/10 T \OT1/cmr/m/n/10 = \OMS/cmsy/m/n/10 f\OML/cmm/m/i
t/10 []; []; [] ; []\OMS/cmsy/m/n/10 g$ \OT1/cmr/m/n/10 together with $\OML/
cmm/m/it/10 N$ \OT1/cmr/m/n/10 function evaluations
 []


Overfull \hbox (10.3648pt too wide) in paragraph at lines 291--292
[]\OT1/cmr/m/it/10 If $\OML/cmm/m/it/10 k \OT1/cmr/m/n/10 = \OML/cmm/m/it/10 q$
 \OT1/cmr/m/it/10 the matrix pencil $\OT1/cmr/m/n/10 (\U/msb/m/n/10 S\OML/cmm/m
/it/10 ;  \U/msb/m/n/10 L\OT1/cmr/m/n/10 )$ \OT1/cmr/m/it/10 is regular, then o
ne can directly compute the interpolation
 []

[5]
Overfull \hbox (8.66347pt too wide) in paragraph at lines 327--328
\OT1/cmr/m/n/10 The AAA (Adaptive Antoulas-Anderson) algorithm proposed in [[]]
 represents an adaptive extension
 []


Overfull \hbox (29.97017pt too wide) in paragraph at lines 355--356
\OT1/cmr/m/n/10 propose different combinations of robust algorithms that are ba
sed on rational barycentric representations.
 []

[6]
Overfull \hbox (14.74786pt too wide) in paragraph at lines 359--360
[]\OT1/cmr/m/n/10 In the recent note [[]], the authors present an algorithm bas
ed on AAA-Lawson approximation [[]],
 []


Underfull \hbox (badness 3386) in paragraph at lines 384--384
[][][]\OT1/cmr/m/n/8 The AAA-Lawson is obtained with optional arguments \OT1/cm
tt/m/n/8 'sign',1,'damping',.95,'lawson',200 \OT1/cmr/m/n/8 and
 []


LaTeX Warning: Reference `tab:sym-1a-r2' on page 1 undefined on input line 384.



LaTeX Warning: Reference `tab:sym-1a-r2' on page 1 undefined on input line 388.


[7]

LaTeX Warning: Reference `fig:intro1_pol_zer' on page 1 undefined on input line
 399.

(data/cpv_MACA64_MR2023b/tables/1a_nd_r3.tex)
(data/cpv_MACA64_MR2023b/tables/1a_nd_r6.tex
Overfull \hbox (9.13239pt too wide) detected at line 3
[]
 []

) (data/cpv_MACA64_MR2023b/tables/1a_nd_r8.tex
Overfull \hbox (9.13239pt too wide) detected at line 3
[]
 []

) [8]
Overfull \hbox (13.06752pt too wide) in paragraph at lines 421--422
\OT1/cmr/bx/n/10 complex-valued approximants\OT1/cmr/m/n/10 , whereas the optim
al result suggests a solution with real coefficients
 []

[9]
<figures/cas_1a_r1e-14.pdf, id=373, 1015.795pt x 761.84625pt>
File: figures/cas_1a_r1e-14.pdf Graphic file (type pdf)
<use figures/cas_1a_r1e-14.pdf>
Package pdftex.def Info: figures/cas_1a_r1e-14.pdf  used on input line 437.
(pdftex.def)             Requested size: 424.58624pt x 318.43877pt.


LaTeX Warning: Reference `fig:intro1_time' on page 1 undefined on input line 44
4.

<figures/cas_1a_zol_time.pdf, id=376, 1015.795pt x 761.84625pt>
File: figures/cas_1a_zol_time.pdf Graphic file (type pdf)
<use figures/cas_1a_zol_time.pdf>
Package pdftex.def Info: figures/cas_1a_zol_time.pdf  used on input line 449.
(pdftex.def)             Requested size: 424.58624pt x 318.43877pt.
[10 <./figures/cas_1a_r1e-14.pdf>]
<figures/num_den_r3.pdf, id=382, 1015.795pt x 761.84625pt>
File: figures/num_den_r3.pdf Graphic file (type pdf)
<use figures/num_den_r3.pdf>
Package pdftex.def Info: figures/num_den_r3.pdf  used on input line 457.
(pdftex.def)             Requested size: 424.58624pt x 318.43877pt.
<figures/case_oder.pdf, id=383, 1015.795pt x 761.84625pt>
File: figures/case_oder.pdf Graphic file (type pdf)
<use figures/case_oder.pdf>
Package pdftex.def Info: figures/case_oder.pdf  used on input line 466.
(pdftex.def)             Requested size: 424.58624pt x 318.43877pt.
 [11 <./figures/cas_1a_zol_time.pdf>]
LaTeX Font Info:    Font shape `OT1/cmtt/bx/n' in size <14.4> not available
(Font)              Font shape `OT1/cmtt/m/n' tried instead on input line 506.

[12 <./figures/num_den_r3.pdf>]

Package hyperref Warning: Token not allowed in a PDF string (Unicode):
(hyperref)                removing `math shift' on input line 575.


Package hyperref Warning: Token not allowed in a PDF string (Unicode):
(hyperref)                removing `math shift' on input line 575.

(data/cpv_MACA64_MR2023b/tables/1a_nd_r3.tex)
(data/cpv_MACA64_MR2022b/tables/1a_nd_r3.tex)
(data/cpv_PCWIN64_MR2025b/tables/1a_nd_r3.tex [13 <./figures/case_oder.pdf>])
(data/AlexReis_PCWIN64_MR2025b/tables/1a_nd_r3.tex)
(data/AlexReis_PCWIN64perso_MR2017a/tables/1a_nd_r3.tex)
File: figures/num_den_r3.pdf Graphic file (type pdf)
<use figures/num_den_r3.pdf>
Package pdftex.def Info: figures/num_den_r3.pdf  used on input line 575.
(pdftex.def)             Requested size: 339.67029pt x 254.74635pt.
 [14]
(data/cpv_MACA64_MR2023b/tables/1a_pol_r3.tex)
(data/cpv_MACA64_MR2022b/tables/1a_pol_r3.tex)
(data/cpv_PCWIN64_MR2025b/tables/1a_pol_r3.tex)
(data/AlexReis_PCWIN64_MR2025b/tables/1a_pol_r3.tex)
(data/AlexReis_PCWIN64perso_MR2017a/tables/1a_pol_r3.tex) [15]
(data/cpv_MACA64_MR2023b/tables/1a_zer_r3.tex)
(data/cpv_MACA64_MR2022b/tables/1a_zer_r3.tex)
(data/cpv_PCWIN64_MR2025b/tables/1a_zer_r3.tex)
(data/AlexReis_PCWIN64_MR2025b/tables/1a_zer_r3.tex)
(data/AlexReis_PCWIN64perso_MR2017a/tables/1a_zer_r3.tex)
<data/cpv_MACA64_MR2023b/figures/pz_r3.pdf, id=589, 1015.795pt x 761.84625pt>
File: data/cpv_MACA64_MR2023b/figures/pz_r3.pdf Graphic file (type pdf)
<use data/cpv_MACA64_MR2023b/figures/pz_r3.pdf>
Package pdftex.def Info: data/cpv_MACA64_MR2023b/figures/pz_r3.pdf  used on inp
ut line 575.
(pdftex.def)             Requested size: 191.0625pt x 143.28755pt.
<data/cpv_MACA64_MR2023b/figures/pz_r3_zoom.pdf, id=590, 1015.795pt x 761.84625
pt>
File: data/cpv_MACA64_MR2023b/figures/pz_r3_zoom.pdf Graphic file (type pdf)
<use data/cpv_MACA64_MR2023b/figures/pz_r3_zoom.pdf>
Package pdftex.def Info: data/cpv_MACA64_MR2023b/figures/pz_r3_zoom.pdf  used o
n input line 575.
(pdftex.def)             Requested size: 191.0625pt x 143.28755pt.
 [16]
<data/cpv_MACA64_MR2023b/figures/eval_r3.pdf, id=602, 1015.795pt x 761.84625pt>

File: data/cpv_MACA64_MR2023b/figures/eval_r3.pdf Graphic file (type pdf)
<use data/cpv_MACA64_MR2023b/figures/eval_r3.pdf>
Package pdftex.def Info: data/cpv_MACA64_MR2023b/figures/eval_r3.pdf  used on i
nput line 575.
(pdftex.def)             Requested size: 297.20906pt x 222.90598pt.
 [17 <./data/cpv_MACA64_MR2023b/figures/pz_r3.pdf> <./data/cpv_MACA64_MR2023b/f
igures/pz_r3_zoom.pdf> <./data/cpv_MACA64_MR2023b/figures/eval_r3.pdf>]

Package hyperref Warning: Token not allowed in a PDF string (Unicode):
(hyperref)                removing `math shift' on input line 575.


Package hyperref Warning: Token not allowed in a PDF string (Unicode):
(hyperref)                removing `math shift' on input line 575.

(data/cpv_MACA64_MR2023b/tables/1a_nd_r4.tex
Overfull \hbox (9.13239pt too wide) detected at line 3
[]
 []

) (data/cpv_MACA64_MR2022b/tables/1a_nd_r4.tex
Overfull \hbox (3.71565pt too wide) detected at line 3
[]
 []

) (data/cpv_PCWIN64_MR2025b/tables/1a_nd_r4.tex
Overfull \hbox (9.13239pt too wide) detected at line 3
[]
 []

) (data/AlexReis_PCWIN64_MR2025b/tables/1a_nd_r4.tex
Overfull \hbox (9.13239pt too wide) detected at line 3
[]
 []

) (data/AlexReis_PCWIN64perso_MR2017a/tables/1a_nd_r4.tex
Overfull \hbox (9.13239pt too wide) detected at line 3
[]
 []

[18])
<figures/num_den_r4.pdf, id=700, 1015.795pt x 761.84625pt>
File: figures/num_den_r4.pdf Graphic file (type pdf)
<use figures/num_den_r4.pdf>
Package pdftex.def Info: figures/num_den_r4.pdf  used on input line 575.
(pdftex.def)             Requested size: 339.67029pt x 254.74635pt.
 (data/cpv_MACA64_MR2023b/tables/1a_pol_r4.tex [19 <./figures/num_den_r4.pdf>])
 (data/cpv_MACA64_MR2022b/tables/1a_pol_r4.tex)
(data/cpv_PCWIN64_MR2025b/tables/1a_pol_r4.tex)
(data/AlexReis_PCWIN64_MR2025b/tables/1a_pol_r4.tex)
(data/AlexReis_PCWIN64perso_MR2017a/tables/1a_pol_r4.tex)
(data/cpv_MACA64_MR2023b/tables/1a_zer_r4.tex)
(data/cpv_MACA64_MR2022b/tables/1a_zer_r4.tex [20])
(data/cpv_PCWIN64_MR2025b/tables/1a_zer_r4.tex)
(data/AlexReis_PCWIN64_MR2025b/tables/1a_zer_r4.tex)
(data/AlexReis_PCWIN64perso_MR2017a/tables/1a_zer_r4.tex)
<data/cpv_MACA64_MR2023b/figures/pz_r4.pdf, id=817, 1015.795pt x 761.84625pt>
File: data/cpv_MACA64_MR2023b/figures/pz_r4.pdf Graphic file (type pdf)
<use data/cpv_MACA64_MR2023b/figures/pz_r4.pdf>
Package pdftex.def Info: data/cpv_MACA64_MR2023b/figures/pz_r4.pdf  used on inp
ut line 575.
(pdftex.def)             Requested size: 191.0625pt x 143.28755pt.
<data/cpv_MACA64_MR2023b/figures/pz_r4_zoom.pdf, id=818, 1015.795pt x 761.84625
pt>
File: data/cpv_MACA64_MR2023b/figures/pz_r4_zoom.pdf Graphic file (type pdf)
<use data/cpv_MACA64_MR2023b/figures/pz_r4_zoom.pdf>
Package pdftex.def Info: data/cpv_MACA64_MR2023b/figures/pz_r4_zoom.pdf  used o
n input line 575.
(pdftex.def)             Requested size: 191.0625pt x 143.28755pt.
 [21]
<data/cpv_MACA64_MR2023b/figures/eval_r4.pdf, id=828, 1015.795pt x 761.84625pt>

File: data/cpv_MACA64_MR2023b/figures/eval_r4.pdf Graphic file (type pdf)
<use data/cpv_MACA64_MR2023b/figures/eval_r4.pdf>
Package pdftex.def Info: data/cpv_MACA64_MR2023b/figures/eval_r4.pdf  used on i
nput line 575.
(pdftex.def)             Requested size: 297.20906pt x 222.90598pt.
 [22 <./data/cpv_MACA64_MR2023b/figures/pz_r4.pdf> <./data/cpv_MACA64_MR2023b/f
igures/pz_r4_zoom.pdf> <./data/cpv_MACA64_MR2023b/figures/eval_r4.pdf>]

Package hyperref Warning: Token not allowed in a PDF string (Unicode):
(hyperref)                removing `math shift' on input line 575.


Package hyperref Warning: Token not allowed in a PDF string (Unicode):
(hyperref)                removing `math shift' on input line 575.

(data/cpv_MACA64_MR2023b/tables/1a_nd_r5.tex
Overfull \hbox (9.13239pt too wide) detected at line 3
[]
 []

) (data/cpv_MACA64_MR2022b/tables/1a_nd_r5.tex
Overfull \hbox (9.13239pt too wide) detected at line 3
[]
 []

) (data/cpv_PCWIN64_MR2025b/tables/1a_nd_r5.tex
Overfull \hbox (9.13239pt too wide) detected at line 3
[]
 []

) (data/AlexReis_PCWIN64_MR2025b/tables/1a_nd_r5.tex
Overfull \hbox (9.13239pt too wide) detected at line 3
[]
 []

) (data/AlexReis_PCWIN64perso_MR2017a/tables/1a_nd_r5.tex
Overfull \hbox (9.13239pt too wide) detected at line 3
[]
 []

[23])
<figures/num_den_r5.pdf, id=917, 1015.795pt x 761.84625pt>
File: figures/num_den_r5.pdf Graphic file (type pdf)
<use figures/num_den_r5.pdf>
Package pdftex.def Info: figures/num_den_r5.pdf  used on input line 575.
(pdftex.def)             Requested size: 339.67029pt x 254.74635pt.
 (data/cpv_MACA64_MR2023b/tables/1a_pol_r5.tex
Overfull \hbox (0.98897pt too wide) detected at line 3
[]
 []

[24 <./figures/num_den_r5.pdf>]) (data/cpv_MACA64_MR2022b/tables/1a_pol_r5.tex
Overfull \hbox (1.26672pt too wide) detected at line 3
[]
 []

) (data/cpv_PCWIN64_MR2025b/tables/1a_pol_r5.tex
Overfull \hbox (1.26672pt too wide) detected at line 3
[]
 []

) (data/AlexReis_PCWIN64_MR2025b/tables/1a_pol_r5.tex
Overfull \hbox (1.26672pt too wide) detected at line 3
[]
 []

) (data/AlexReis_PCWIN64perso_MR2017a/tables/1a_pol_r5.tex
Overfull \hbox (0.98897pt too wide) detected at line 3
[]
 []

) (data/cpv_MACA64_MR2023b/tables/1a_zer_r5.tex)
(data/cpv_MACA64_MR2022b/tables/1a_zer_r5.tex [25])
(data/cpv_PCWIN64_MR2025b/tables/1a_zer_r5.tex)
(data/AlexReis_PCWIN64_MR2025b/tables/1a_zer_r5.tex)
(data/AlexReis_PCWIN64perso_MR2017a/tables/1a_zer_r5.tex)
<data/cpv_MACA64_MR2023b/figures/pz_r5.pdf, id=1040, 1015.795pt x 761.84625pt>
File: data/cpv_MACA64_MR2023b/figures/pz_r5.pdf Graphic file (type pdf)
<use data/cpv_MACA64_MR2023b/figures/pz_r5.pdf>
Package pdftex.def Info: data/cpv_MACA64_MR2023b/figures/pz_r5.pdf  used on inp
ut line 575.
(pdftex.def)             Requested size: 191.0625pt x 143.28755pt.
<data/cpv_MACA64_MR2023b/figures/pz_r5_zoom.pdf, id=1041, 1015.795pt x 761.8462
5pt>
File: data/cpv_MACA64_MR2023b/figures/pz_r5_zoom.pdf Graphic file (type pdf)
<use data/cpv_MACA64_MR2023b/figures/pz_r5_zoom.pdf>
Package pdftex.def Info: data/cpv_MACA64_MR2023b/figures/pz_r5_zoom.pdf  used o
n input line 575.
(pdftex.def)             Requested size: 191.0625pt x 143.28755pt.
 [26]
<data/cpv_MACA64_MR2023b/figures/eval_r5.pdf, id=1051, 1015.795pt x 761.84625pt
>
File: data/cpv_MACA64_MR2023b/figures/eval_r5.pdf Graphic file (type pdf)
<use data/cpv_MACA64_MR2023b/figures/eval_r5.pdf>
Package pdftex.def Info: data/cpv_MACA64_MR2023b/figures/eval_r5.pdf  used on i
nput line 575.
(pdftex.def)             Requested size: 297.20906pt x 222.90598pt.
 [27 <./data/cpv_MACA64_MR2023b/figures/pz_r5.pdf> <./data/cpv_MACA64_MR2023b/f
igures/pz_r5_zoom.pdf> <./data/cpv_MACA64_MR2023b/figures/eval_r5.pdf>]

Package hyperref Warning: Token not allowed in a PDF string (Unicode):
(hyperref)                removing `math shift' on input line 575.


Package hyperref Warning: Token not allowed in a PDF string (Unicode):
(hyperref)                removing `math shift' on input line 575.

(data/cpv_MACA64_MR2023b/tables/1a_nd_r6.tex
Overfull \hbox (9.13239pt too wide) detected at line 3
[]
 []

) (data/cpv_MACA64_MR2022b/tables/1a_nd_r6.tex
Overfull \hbox (9.13239pt too wide) detected at line 3
[]
 []

) (data/cpv_PCWIN64_MR2025b/tables/1a_nd_r6.tex
Overfull \hbox (9.13239pt too wide) detected at line 3
[]
 []

) (data/AlexReis_PCWIN64_MR2025b/tables/1a_nd_r6.tex
Overfull \hbox (9.13239pt too wide) detected at line 3
[]
 []

) (data/AlexReis_PCWIN64perso_MR2017a/tables/1a_nd_r6.tex
Overfull \hbox (9.13239pt too wide) detected at line 3
[]
 []

[28])
<figures/num_den_r6.pdf, id=1146, 1015.795pt x 761.84625pt>
File: figures/num_den_r6.pdf Graphic file (type pdf)
<use figures/num_den_r6.pdf>
Package pdftex.def Info: figures/num_den_r6.pdf  used on input line 575.
(pdftex.def)             Requested size: 339.67029pt x 254.74635pt.
 [29] (data/cpv_MACA64_MR2023b/tables/1a_pol_r6.tex)
(data/cpv_MACA64_MR2022b/tables/1a_pol_r6.tex)
(data/cpv_PCWIN64_MR2025b/tables/1a_pol_r6.tex)
(data/AlexReis_PCWIN64_MR2025b/tables/1a_pol_r6.tex [30 <./figures/num_den_r6.p
df>]) (data/AlexReis_PCWIN64perso_MR2017a/tables/1a_pol_r6.tex)
(data/cpv_MACA64_MR2023b/tables/1a_zer_r6.tex)
(data/cpv_MACA64_MR2022b/tables/1a_zer_r6.tex)
(data/cpv_PCWIN64_MR2025b/tables/1a_zer_r6.tex)
(data/AlexReis_PCWIN64_MR2025b/tables/1a_zer_r6.tex [31])
(data/AlexReis_PCWIN64perso_MR2017a/tables/1a_zer_r6.tex
Overfull \hbox (1.9954pt too wide) detected at line 3
[]
 []

)
<data/cpv_MACA64_MR2023b/figures/pz_r6.pdf, id=1284, 1015.795pt x 761.84625pt>
File: data/cpv_MACA64_MR2023b/figures/pz_r6.pdf Graphic file (type pdf)
<use data/cpv_MACA64_MR2023b/figures/pz_r6.pdf>
Package pdftex.def Info: data/cpv_MACA64_MR2023b/figures/pz_r6.pdf  used on inp
ut line 575.
(pdftex.def)             Requested size: 191.0625pt x 143.28755pt.
<data/cpv_MACA64_MR2023b/figures/pz_r6_zoom.pdf, id=1285, 1015.795pt x 761.8462
5pt>
File: data/cpv_MACA64_MR2023b/figures/pz_r6_zoom.pdf Graphic file (type pdf)
<use data/cpv_MACA64_MR2023b/figures/pz_r6_zoom.pdf>
Package pdftex.def Info: data/cpv_MACA64_MR2023b/figures/pz_r6_zoom.pdf  used o
n input line 575.
(pdftex.def)             Requested size: 191.0625pt x 143.28755pt.
<data/cpv_MACA64_MR2023b/figures/eval_r6.pdf, id=1286, 1015.795pt x 761.84625pt
>
File: data/cpv_MACA64_MR2023b/figures/eval_r6.pdf Graphic file (type pdf)
<use data/cpv_MACA64_MR2023b/figures/eval_r6.pdf>
Package pdftex.def Info: data/cpv_MACA64_MR2023b/figures/eval_r6.pdf  used on i
nput line 575.
(pdftex.def)             Requested size: 297.20906pt x 222.90598pt.
 [32 <./data/cpv_MACA64_MR2023b/figures/pz_r6.pdf> <./data/cpv_MACA64_MR2023b/f
igures/pz_r6_zoom.pdf>] [33 <./data/cpv_MACA64_MR2023b/figures/eval_r6.pdf>]

Package hyperref Warning: Token not allowed in a PDF string (Unicode):
(hyperref)                removing `math shift' on input line 575.


Package hyperref Warning: Token not allowed in a PDF string (Unicode):
(hyperref)                removing `math shift' on input line 575.

(data/cpv_MACA64_MR2023b/tables/1a_nd_r7.tex
Overfull \hbox (9.13239pt too wide) detected at line 3
[]
 []

) (data/cpv_MACA64_MR2022b/tables/1a_nd_r7.tex
Overfull \hbox (3.71565pt too wide) detected at line 3
[]
 []

) (data/cpv_PCWIN64_MR2025b/tables/1a_nd_r7.tex
Overfull \hbox (9.13239pt too wide) detected at line 3
[]
 []

) (data/AlexReis_PCWIN64_MR2025b/tables/1a_nd_r7.tex
Overfull \hbox (9.13239pt too wide) detected at line 3
[]
 []

[34]) (data/AlexReis_PCWIN64perso_MR2017a/tables/1a_nd_r7.tex
Overfull \hbox (9.13239pt too wide) detected at line 3
[]
 []

)
<figures/num_den_r7.pdf, id=1388, 1015.795pt x 761.84625pt>
File: figures/num_den_r7.pdf Graphic file (type pdf)
<use figures/num_den_r7.pdf>
Package pdftex.def Info: figures/num_den_r7.pdf  used on input line 575.
(pdftex.def)             Requested size: 339.67029pt x 254.74635pt.
 [35] (data/cpv_MACA64_MR2023b/tables/1a_pol_r7.tex)
(data/cpv_MACA64_MR2022b/tables/1a_pol_r7.tex)
(data/cpv_PCWIN64_MR2025b/tables/1a_pol_r7.tex
Overfull \hbox (5.39824pt too wide) detected at line 3
[]
 []

) (data/AlexReis_PCWIN64_MR2025b/tables/1a_pol_r7.tex
Overfull \hbox (5.39824pt too wide) detected at line 3
[]
 []

[36 <./figures/num_den_r7.pdf>])
(data/AlexReis_PCWIN64perso_MR2017a/tables/1a_pol_r7.tex)
(data/cpv_MACA64_MR2023b/tables/1a_zer_r7.tex)
(data/cpv_MACA64_MR2022b/tables/1a_zer_r7.tex)
(data/cpv_PCWIN64_MR2025b/tables/1a_zer_r7.tex)
(data/AlexReis_PCWIN64_MR2025b/tables/1a_zer_r7.tex [37])
(data/AlexReis_PCWIN64perso_MR2017a/tables/1a_zer_r7.tex)
<data/cpv_MACA64_MR2023b/figures/pz_r7.pdf, id=1426, 1015.795pt x 761.84625pt>
File: data/cpv_MACA64_MR2023b/figures/pz_r7.pdf Graphic file (type pdf)
<use data/cpv_MACA64_MR2023b/figures/pz_r7.pdf>
Package pdftex.def Info: data/cpv_MACA64_MR2023b/figures/pz_r7.pdf  used on inp
ut line 575.
(pdftex.def)             Requested size: 191.0625pt x 143.28755pt.
<data/cpv_MACA64_MR2023b/figures/pz_r7_zoom.pdf, id=1427, 1015.795pt x 761.8462
5pt>
File: data/cpv_MACA64_MR2023b/figures/pz_r7_zoom.pdf Graphic file (type pdf)
<use data/cpv_MACA64_MR2023b/figures/pz_r7_zoom.pdf>
Package pdftex.def Info: data/cpv_MACA64_MR2023b/figures/pz_r7_zoom.pdf  used o
n input line 575.
(pdftex.def)             Requested size: 191.0625pt x 143.28755pt.
<data/cpv_MACA64_MR2023b/figures/eval_r7.pdf, id=1428, 1015.795pt x 761.84625pt
>
File: data/cpv_MACA64_MR2023b/figures/eval_r7.pdf Graphic file (type pdf)
<use data/cpv_MACA64_MR2023b/figures/eval_r7.pdf>
Package pdftex.def Info: data/cpv_MACA64_MR2023b/figures/eval_r7.pdf  used on i
nput line 575.
(pdftex.def)             Requested size: 297.20906pt x 222.90598pt.
 [38 <./data/cpv_MACA64_MR2023b/figures/pz_r7.pdf> <./data/cpv_MACA64_MR2023b/f
igures/pz_r7_zoom.pdf>] [39 <./data/cpv_MACA64_MR2023b/figures/eval_r7.pdf>]

Package hyperref Warning: Token not allowed in a PDF string (Unicode):
(hyperref)                removing `math shift' on input line 575.


Package hyperref Warning: Token not allowed in a PDF string (Unicode):
(hyperref)                removing `math shift' on input line 575.

(data/cpv_MACA64_MR2023b/tables/1a_nd_r8.tex
Overfull \hbox (9.13239pt too wide) detected at line 3
[]
 []

) (data/cpv_MACA64_MR2022b/tables/1a_nd_r8.tex
Overfull \hbox (3.71565pt too wide) detected at line 3
[]
 []

) (data/cpv_PCWIN64_MR2025b/tables/1a_nd_r8.tex
Overfull \hbox (9.13239pt too wide) detected at line 3
[]
 []

) (data/AlexReis_PCWIN64_MR2025b/tables/1a_nd_r8.tex
Overfull \hbox (9.13239pt too wide) detected at line 3
[]
 []

[40]) (data/AlexReis_PCWIN64perso_MR2017a/tables/1a_nd_r8.tex
Overfull \hbox (9.13239pt too wide) detected at line 3
[]
 []

) [41]
<figures/num_den_r8.pdf, id=1542, 1015.795pt x 761.84625pt>
File: figures/num_den_r8.pdf Graphic file (type pdf)
<use figures/num_den_r8.pdf>
Package pdftex.def Info: figures/num_den_r8.pdf  used on input line 575.
(pdftex.def)             Requested size: 339.67029pt x 254.74635pt.
 (data/cpv_MACA64_MR2023b/tables/1a_pol_r8.tex)
(data/cpv_MACA64_MR2022b/tables/1a_pol_r8.tex [42 <./figures/num_den_r8.pdf>])
(data/cpv_PCWIN64_MR2025b/tables/1a_pol_r8.tex)
(data/AlexReis_PCWIN64_MR2025b/tables/1a_pol_r8.tex)
(data/AlexReis_PCWIN64perso_MR2017a/tables/1a_pol_r8.tex)
(data/cpv_MACA64_MR2023b/tables/1a_zer_r8.tex
Overfull \hbox (6.68346pt too wide) detected at line 3
[]
 []

[43]) (data/cpv_MACA64_MR2022b/tables/1a_zer_r8.tex
Overfull \hbox (6.4057pt too wide) detected at line 3
[]
 []

) (data/cpv_PCWIN64_MR2025b/tables/1a_zer_r8.tex
Overfull \hbox (1.26672pt too wide) detected at line 3
[]
 []

) (data/AlexReis_PCWIN64_MR2025b/tables/1a_zer_r8.tex
Overfull \hbox (1.26672pt too wide) detected at line 3
[]
 []

) (data/AlexReis_PCWIN64perso_MR2017a/tables/1a_zer_r8.tex
Overfull \hbox (6.4057pt too wide) detected at line 3
[]
 []

) [44]
<data/cpv_MACA64_MR2023b/figures/pz_r8.pdf, id=1579, 1015.795pt x 761.84625pt>
File: data/cpv_MACA64_MR2023b/figures/pz_r8.pdf Graphic file (type pdf)
<use data/cpv_MACA64_MR2023b/figures/pz_r8.pdf>
Package pdftex.def Info: data/cpv_MACA64_MR2023b/figures/pz_r8.pdf  used on inp
ut line 575.
(pdftex.def)             Requested size: 191.0625pt x 143.28755pt.
<data/cpv_MACA64_MR2023b/figures/pz_r8_zoom.pdf, id=1580, 1015.795pt x 761.8462
5pt>
File: data/cpv_MACA64_MR2023b/figures/pz_r8_zoom.pdf Graphic file (type pdf)
<use data/cpv_MACA64_MR2023b/figures/pz_r8_zoom.pdf>
Package pdftex.def Info: data/cpv_MACA64_MR2023b/figures/pz_r8_zoom.pdf  used o
n input line 575.
(pdftex.def)             Requested size: 191.0625pt x 143.28755pt.
<data/cpv_MACA64_MR2023b/figures/eval_r8.pdf, id=1581, 1015.795pt x 761.84625pt
>
File: data/cpv_MACA64_MR2023b/figures/eval_r8.pdf Graphic file (type pdf)
<use data/cpv_MACA64_MR2023b/figures/eval_r8.pdf>
Package pdftex.def Info: data/cpv_MACA64_MR2023b/figures/eval_r8.pdf  used on i
nput line 575.
(pdftex.def)             Requested size: 297.20906pt x 222.90598pt.
 [45 <./data/cpv_MACA64_MR2023b/figures/pz_r8.pdf> <./data/cpv_MACA64_MR2023b/f
igures/pz_r8_zoom.pdf> <./data/cpv_MACA64_MR2023b/figures/eval_r8.pdf>]

Package hyperref Warning: Token not allowed in a PDF string (Unicode):
(hyperref)                removing `math shift' on input line 575.


Package hyperref Warning: Token not allowed in a PDF string (Unicode):
(hyperref)                removing `math shift' on input line 575.

(data/cpv_MACA64_MR2023b/tables/1a_nd_r9.tex
Overfull \hbox (3.71565pt too wide) detected at line 3
[]
 []

) (data/cpv_MACA64_MR2022b/tables/1a_nd_r9.tex
Overfull \hbox (9.13239pt too wide) detected at line 3
[]
 []

) (data/cpv_PCWIN64_MR2025b/tables/1a_nd_r9.tex
Overfull \hbox (3.71565pt too wide) detected at line 3
[]
 []

) (data/AlexReis_PCWIN64_MR2025b/tables/1a_nd_r9.tex
Overfull \hbox (3.71565pt too wide) detected at line 3
[]
 []

[46]) (data/AlexReis_PCWIN64perso_MR2017a/tables/1a_nd_r9.tex
Overfull \hbox (9.13239pt too wide) detected at line 3
[]
 []

) [47]
<figures/num_den_r9.pdf, id=1672, 1015.795pt x 761.84625pt>
File: figures/num_den_r9.pdf Graphic file (type pdf)
<use figures/num_den_r9.pdf>
Package pdftex.def Info: figures/num_den_r9.pdf  used on input line 575.
(pdftex.def)             Requested size: 339.67029pt x 254.74635pt.
 (data/cpv_MACA64_MR2023b/tables/1a_pol_r9.tex
Overfull \hbox (1.26672pt too wide) detected at line 3
[]
 []

) (data/cpv_MACA64_MR2022b/tables/1a_pol_r9.tex
Overfull \hbox (5.39824pt too wide) detected at line 3
[]
 []

[48 <./figures/num_den_r9.pdf>]) (data/cpv_PCWIN64_MR2025b/tables/1a_pol_r9.tex

Overfull \hbox (6.68346pt too wide) detected at line 3
[]
 []

) (data/AlexReis_PCWIN64_MR2025b/tables/1a_pol_r9.tex
Overfull \hbox (6.68346pt too wide) detected at line 3
[]
 []

) (data/AlexReis_PCWIN64perso_MR2017a/tables/1a_pol_r9.tex) [49]
(data/cpv_MACA64_MR2023b/tables/1a_zer_r9.tex)
(data/cpv_MACA64_MR2022b/tables/1a_zer_r9.tex)
(data/cpv_PCWIN64_MR2025b/tables/1a_zer_r9.tex)
(data/AlexReis_PCWIN64_MR2025b/tables/1a_zer_r9.tex)
(data/AlexReis_PCWIN64perso_MR2017a/tables/1a_zer_r9.tex [50])
<data/cpv_MACA64_MR2023b/figures/pz_r9.pdf, id=1709, 1015.795pt x 761.84625pt>
File: data/cpv_MACA64_MR2023b/figures/pz_r9.pdf Graphic file (type pdf)
<use data/cpv_MACA64_MR2023b/figures/pz_r9.pdf>
Package pdftex.def Info: data/cpv_MACA64_MR2023b/figures/pz_r9.pdf  used on inp
ut line 575.
(pdftex.def)             Requested size: 191.0625pt x 143.28755pt.
<data/cpv_MACA64_MR2023b/figures/pz_r9_zoom.pdf, id=1710, 1015.795pt x 761.8462
5pt>
File: data/cpv_MACA64_MR2023b/figures/pz_r9_zoom.pdf Graphic file (type pdf)
<use data/cpv_MACA64_MR2023b/figures/pz_r9_zoom.pdf>
Package pdftex.def Info: data/cpv_MACA64_MR2023b/figures/pz_r9_zoom.pdf  used o
n input line 575.
(pdftex.def)             Requested size: 191.0625pt x 143.28755pt.
<data/cpv_MACA64_MR2023b/figures/eval_r9.pdf, id=1711, 1015.795pt x 761.84625pt
>
File: data/cpv_MACA64_MR2023b/figures/eval_r9.pdf Graphic file (type pdf)
<use data/cpv_MACA64_MR2023b/figures/eval_r9.pdf>
Package pdftex.def Info: data/cpv_MACA64_MR2023b/figures/eval_r9.pdf  used on i
nput line 575.
(pdftex.def)             Requested size: 297.20906pt x 222.90598pt.
 [51 <./data/cpv_MACA64_MR2023b/figures/pz_r9.pdf> <./data/cpv_MACA64_MR2023b/f
igures/pz_r9_zoom.pdf>] [52 <./data/cpv_MACA64_MR2023b/figures/eval_r9.pdf>]

Package hyperref Warning: Token not allowed in a PDF string (Unicode):
(hyperref)                removing `math shift' on input line 575.


Package hyperref Warning: Token not allowed in a PDF string (Unicode):
(hyperref)                removing `math shift' on input line 575.

(data/cpv_MACA64_MR2023b/tables/1a_nd_r10.tex
Overfull \hbox (13.92415pt too wide) detected at line 3
[]
 []

) (data/cpv_MACA64_MR2022b/tables/1a_nd_r10.tex
Overfull \hbox (19.34088pt too wide) detected at line 3
[]
 []

) (data/cpv_PCWIN64_MR2025b/tables/1a_nd_r10.tex
Overfull \hbox (13.92415pt too wide) detected at line 3
[]
 []

) (data/AlexReis_PCWIN64_MR2025b/tables/1a_nd_r10.tex
Overfull \hbox (13.92415pt too wide) detected at line 3
[]
 []

[53]) (data/AlexReis_PCWIN64perso_MR2017a/tables/1a_nd_r10.tex
Overfull \hbox (13.92415pt too wide) detected at line 3
[]
 []

) [54]
<figures/num_den_r10.pdf, id=1818, 1015.795pt x 761.84625pt>
File: figures/num_den_r10.pdf Graphic file (type pdf)
<use figures/num_den_r10.pdf>
Package pdftex.def Info: figures/num_den_r10.pdf  used on input line 575.
(pdftex.def)             Requested size: 339.67029pt x 254.74635pt.
 (data/cpv_MACA64_MR2023b/tables/1a_pol_r10.tex)
(data/cpv_MACA64_MR2022b/tables/1a_pol_r10.tex [55 <./figures/num_den_r10.pdf>]
) (data/cpv_PCWIN64_MR2025b/tables/1a_pol_r10.tex)
(data/AlexReis_PCWIN64_MR2025b/tables/1a_pol_r10.tex)
(data/AlexReis_PCWIN64perso_MR2017a/tables/1a_pol_r10.tex) [56]
(data/cpv_MACA64_MR2023b/tables/1a_zer_r10.tex
Overfull \hbox (13.59283pt too wide) detected at line 3
[]
 []

) (data/cpv_MACA64_MR2022b/tables/1a_zer_r10.tex
Overfull \hbox (18.73181pt too wide) detected at line 3
[]
 []

) (data/cpv_PCWIN64_MR2025b/tables/1a_zer_r10.tex
Overfull \hbox (19.00957pt too wide) detected at line 3
[]
 []

) (data/AlexReis_PCWIN64_MR2025b/tables/1a_zer_r10.tex
Overfull \hbox (19.00957pt too wide) detected at line 3
[]
 []

) (data/AlexReis_PCWIN64perso_MR2017a/tables/1a_zer_r10.tex
Overfull \hbox (18.73181pt too wide) detected at line 3
[]
 []

[57])
<data/cpv_MACA64_MR2023b/figures/pz_r10.pdf, id=1855, 1015.795pt x 761.84625pt>

File: data/cpv_MACA64_MR2023b/figures/pz_r10.pdf Graphic file (type pdf)
<use data/cpv_MACA64_MR2023b/figures/pz_r10.pdf>
Package pdftex.def Info: data/cpv_MACA64_MR2023b/figures/pz_r10.pdf  used on in
put line 575.
(pdftex.def)             Requested size: 191.0625pt x 143.28755pt.
<data/cpv_MACA64_MR2023b/figures/pz_r10_zoom.pdf, id=1856, 1015.795pt x 761.846
25pt>
File: data/cpv_MACA64_MR2023b/figures/pz_r10_zoom.pdf Graphic file (type pdf)
<use data/cpv_MACA64_MR2023b/figures/pz_r10_zoom.pdf>
Package pdftex.def Info: data/cpv_MACA64_MR2023b/figures/pz_r10_zoom.pdf  used 
on input line 575.
(pdftex.def)             Requested size: 191.0625pt x 143.28755pt.
<data/cpv_MACA64_MR2023b/figures/eval_r10.pdf, id=1857, 1015.795pt x 761.84625p
t>
File: data/cpv_MACA64_MR2023b/figures/eval_r10.pdf Graphic file (type pdf)
<use data/cpv_MACA64_MR2023b/figures/eval_r10.pdf>
Package pdftex.def Info: data/cpv_MACA64_MR2023b/figures/eval_r10.pdf  used on 
input line 575.
(pdftex.def)             Requested size: 297.20906pt x 222.90598pt.
 [58 <./data/cpv_MACA64_MR2023b/figures/pz_r10.pdf> <./data/cpv_MACA64_MR2023b/
figures/pz_r10_zoom.pdf>] (main.bbl
Underfull \hbox (badness 1215) in paragraph at lines 50--54
[]\OT1/cmr/m/n/10 S I. Filip, Y. Nakatsukasa, L. Trefethen, and B. Beckermann. 
 Rational minimax
 []

[59 <./data/cpv_MACA64_MR2023b/figures/eval_r10.pdf>]) [60] (main.aux)

LaTeX Warning: There were undefined references.


LaTeX Warning: There were multiply-defined labels.

Package rerunfilecheck Info: File `main.out' has not changed.
(rerunfilecheck)             Checksum: 74A51E3A7C7120251B9627331A13BE76;5620.
 ) 
Here is how much of TeX's memory you used:
 31955 strings out of 480549
 667289 string characters out of 2893596
 986953 words of memory out of 3000000
 48674 multiletter control sequences out of 15000+600000
 483406 words of font info for 85 fonts, out of 8000000 for 9000
 0 hyphenation exceptions out of 8191
 79i,14n,80p,3225b,559s stack positions out of 5000i,500n,10000p,200000b,80000s
 </Users/charles/Library/Application Support/MiKTeX/texmfs/data/fonts/pk/ljfo
ur/jknappen/ec/dpi600/tcrm1000.pk> </Users/charles/Library/Application Support/
MiKTeX/texmfs/data/fonts/pk/ljfour/jknappen/ec/dpi600/tcrm0600.pk> </Users/char
les/Library/Application Support/MiKTeX/texmfs/data/fonts/pk/ljfour/jknappen/ec/
dpi600/tcrm0800.pk></Library/Application Support/MiKTeX/texmfs/install/fonts/ty
pe1/public/amsfonts/cm/cmbx10.pfb></Library/Application Support/MiKTeX/texmfs/i
nstall/fonts/type1/public/amsfonts/cm/cmbx12.pfb></Library/Application Support/
MiKTeX/texmfs/install/fonts/type1/public/amsfonts/cm/cmbx9.pfb></Library/Applic
ation Support/MiKTeX/texmfs/install/fonts/type1/public/amsfonts/cm/cmex10.pfb><
/Library/Application Support/MiKTeX/texmfs/install/fonts/type1/public/amsfonts/
cm/cmmi10.pfb></Library/Application Support/MiKTeX/texmfs/install/fonts/type1/p
ublic/amsfonts/cm/cmmi12.pfb></Library/Application Support/MiKTeX/texmfs/instal
l/fonts/type1/public/amsfonts/cm/cmmi5.pfb></Library/Application Support/MiKTeX
/texmfs/install/fonts/type1/public/amsfonts/cm/cmmi7.pfb></Library/Application 
Support/MiKTeX/texmfs/install/fonts/type1/public/amsfonts/cm/cmr10.pfb></Librar
y/Application Support/MiKTeX/texmfs/install/fonts/type1/public/amsfonts/cm/cmr1
2.pfb></Library/Application Support/MiKTeX/texmfs/install/fonts/type1/public/am
sfonts/cm/cmr17.pfb></Library/Application Support/MiKTeX/texmfs/install/fonts/t
ype1/public/amsfonts/cm/cmr5.pfb></Library/Application Support/MiKTeX/texmfs/in
stall/fonts/type1/public/amsfonts/cm/cmr6.pfb></Library/Application Support/MiK
TeX/texmfs/install/fonts/type1/public/amsfonts/cm/cmr7.pfb></Library/Applicatio
n Support/MiKTeX/texmfs/install/fonts/type1/public/amsfonts/cm/cmr8.pfb></Libra
ry/Application Support/MiKTeX/texmfs/install/fonts/type1/public/amsfonts/cm/cmr
9.pfb></Library/Application Support/MiKTeX/texmfs/install/fonts/type1/public/am
sfonts/cm/cmsy10.pfb></Library/Application Support/MiKTeX/texmfs/install/fonts/
type1/public/amsfonts/cm/cmsy5.pfb></Library/Application Support/MiKTeX/texmfs/
install/fonts/type1/public/amsfonts/cm/cmsy7.pfb></Library/Application Support/
MiKTeX/texmfs/install/fonts/type1/public/amsfonts/cm/cmti10.pfb></Library/Appli
cation Support/MiKTeX/texmfs/install/fonts/type1/public/amsfonts/cm/cmtt10.pfb>
</Library/Application Support/MiKTeX/texmfs/install/fonts/type1/public/amsfonts
/cm/cmtt12.pfb></Library/Application Support/MiKTeX/texmfs/install/fonts/type1/
public/amsfonts/cm/cmtt8.pfb></Library/Application Support/MiKTeX/texmfs/instal
l/fonts/type1/public/amsfonts/euler/eufm10.pfb></Library/Application Support/Mi
KTeX/texmfs/install/fonts/type1/public/amsfonts/symbols/msam10.pfb></Library/Ap
plication Support/MiKTeX/texmfs/install/fonts/type1/public/amsfonts/symbols/msb
m10.pfb>
Output written on main.pdf (60 pages, 4643558 bytes).
PDF statistics:
 2153 PDF objects out of 2487 (max. 8388607)
 341 named destinations out of 1000 (max. 500000)
 428 words of extra memory for PDF output out of 10000 (max. 10000000)

