\BOOKMARK [1][-]{section.1}{\376\377\000D\000e\000t\000a\000i\000l\000e\000d\000\040\000r\000e\000s\000u\000l\000t\000s\000\040\000o\000n\000\040\000t\000h\000e\000\040\000t\000w\000o\000\040\000s\000y\000m\000m\000e\000t\000r\000i\000c\000\040\000c\000i\000r\000c\000l\000e\000s\000\040\000c\000a\000s\000e}{}% 1
\BOOKMARK [2][-]{subsection.1.1}{\376\377\000A\000p\000p\000r\000o\000x\000i\000m\000a\000t\000i\000o\000n\000\040\000o\000b\000j\000e\000c\000t\000i\000v\000e\000\040\000r\000=\0003}{section.1}% 2
\BOOKMARK [3][-]{subsubsection.1.1.1}{\376\377\000N\000u\000m\000e\000r\000a\000t\000o\000r\000\040\000a\000n\000d\000\040\000d\000e\000n\000o\000m\000i\000n\000a\000t\000o\000r\000\040\000c\000o\000e\000f\000f\000i\000c\000i\000e\000n\000t\000s}{subsection.1.1}% 3
\BOOKMARK [3][-]{subsubsection.1.1.2}{\376\377\000P\000o\000l\000e\000s}{subsection.1.1}% 4
\BOOKMARK [3][-]{subsubsection.1.1.3}{\376\377\000Z\000e\000r\000o\000s}{subsection.1.1}% 5
\BOOKMARK [3][-]{subsubsection.1.1.4}{\376\377\000P\000o\000l\000e\000s\000\040\000a\000n\000d\000\040\000z\000e\000r\000o\000s\000\040\000v\000i\000s\000u\000a\000l\000i\000z\000a\000t\000i\000o\000n\000\040\000\050\000c\000a\000s\000e\000\040\000c\000p\000v\000\040\000M\000A\000C\000A\0006\0004\000\040\000M\000R\0002\0000\0002\0003\000b\000\051}{subsection.1.1}% 6
\BOOKMARK [3][-]{subsubsection.1.1.5}{\376\377\000A\000p\000p\000r\000o\000x\000i\000m\000a\000t\000i\000o\000n\000\040\000v\000i\000s\000u\000a\000l\000i\000z\000a\000t\000i\000o\000n}{subsection.1.1}% 7
\BOOKMARK [2][-]{subsection.1.2}{\376\377\000A\000p\000p\000r\000o\000x\000i\000m\000a\000t\000i\000o\000n\000\040\000o\000b\000j\000e\000c\000t\000i\000v\000e\000\040\000r\000=\0004}{section.1}% 8
\BOOKMARK [3][-]{subsubsection.1.2.1}{\376\377\000N\000u\000m\000e\000r\000a\000t\000o\000r\000\040\000a\000n\000d\000\040\000d\000e\000n\000o\000m\000i\000n\000a\000t\000o\000r\000\040\000c\000o\000e\000f\000f\000i\000c\000i\000e\000n\000t\000s}{subsection.1.2}% 9
\BOOKMARK [3][-]{subsubsection.1.2.2}{\376\377\000P\000o\000l\000e\000s}{subsection.1.2}% 10
\BOOKMARK [3][-]{subsubsection.1.2.3}{\376\377\000Z\000e\000r\000o\000s}{subsection.1.2}% 11
\BOOKMARK [3][-]{subsubsection.1.2.4}{\376\377\000P\000o\000l\000e\000s\000\040\000a\000n\000d\000\040\000z\000e\000r\000o\000s\000\040\000v\000i\000s\000u\000a\000l\000i\000z\000a\000t\000i\000o\000n\000\040\000\050\000c\000a\000s\000e\000\040\000c\000p\000v\000\040\000M\000A\000C\000A\0006\0004\000\040\000M\000R\0002\0000\0002\0003\000b\000\051}{subsection.1.2}% 12
\BOOKMARK [3][-]{subsubsection.1.2.5}{\376\377\000A\000p\000p\000r\000o\000x\000i\000m\000a\000t\000i\000o\000n\000\040\000v\000i\000s\000u\000a\000l\000i\000z\000a\000t\000i\000o\000n}{subsection.1.2}% 13
\BOOKMARK [2][-]{subsection.1.3}{\376\377\000A\000p\000p\000r\000o\000x\000i\000m\000a\000t\000i\000o\000n\000\040\000o\000b\000j\000e\000c\000t\000i\000v\000e\000\040\000r\000=\0005}{section.1}% 14
\BOOKMARK [3][-]{subsubsection.1.3.1}{\376\377\000N\000u\000m\000e\000r\000a\000t\000o\000r\000\040\000a\000n\000d\000\040\000d\000e\000n\000o\000m\000i\000n\000a\000t\000o\000r\000\040\000c\000o\000e\000f\000f\000i\000c\000i\000e\000n\000t\000s}{subsection.1.3}% 15
\BOOKMARK [3][-]{subsubsection.1.3.2}{\376\377\000P\000o\000l\000e\000s}{subsection.1.3}% 16
\BOOKMARK [3][-]{subsubsection.1.3.3}{\376\377\000Z\000e\000r\000o\000s}{subsection.1.3}% 17
\BOOKMARK [3][-]{subsubsection.1.3.4}{\376\377\000P\000o\000l\000e\000s\000\040\000a\000n\000d\000\040\000z\000e\000r\000o\000s\000\040\000v\000i\000s\000u\000a\000l\000i\000z\000a\000t\000i\000o\000n\000\040\000\050\000c\000a\000s\000e\000\040\000c\000p\000v\000\040\000M\000A\000C\000A\0006\0004\000\040\000M\000R\0002\0000\0002\0003\000b\000\051}{subsection.1.3}% 18
\BOOKMARK [3][-]{subsubsection.1.3.5}{\376\377\000A\000p\000p\000r\000o\000x\000i\000m\000a\000t\000i\000o\000n\000\040\000v\000i\000s\000u\000a\000l\000i\000z\000a\000t\000i\000o\000n}{subsection.1.3}% 19
\BOOKMARK [2][-]{subsection.1.4}{\376\377\000A\000p\000p\000r\000o\000x\000i\000m\000a\000t\000i\000o\000n\000\040\000o\000b\000j\000e\000c\000t\000i\000v\000e\000\040\000r\000=\0006}{section.1}% 20
\BOOKMARK [3][-]{subsubsection.1.4.1}{\376\377\000N\000u\000m\000e\000r\000a\000t\000o\000r\000\040\000a\000n\000d\000\040\000d\000e\000n\000o\000m\000i\000n\000a\000t\000o\000r\000\040\000c\000o\000e\000f\000f\000i\000c\000i\000e\000n\000t\000s}{subsection.1.4}% 21
\BOOKMARK [3][-]{subsubsection.1.4.2}{\376\377\000P\000o\000l\000e\000s}{subsection.1.4}% 22
\BOOKMARK [3][-]{subsubsection.1.4.3}{\376\377\000Z\000e\000r\000o\000s}{subsection.1.4}% 23
\BOOKMARK [3][-]{subsubsection.1.4.4}{\376\377\000P\000o\000l\000e\000s\000\040\000a\000n\000d\000\040\000z\000e\000r\000o\000s\000\040\000v\000i\000s\000u\000a\000l\000i\000z\000a\000t\000i\000o\000n\000\040\000\050\000c\000a\000s\000e\000\040\000c\000p\000v\000\040\000M\000A\000C\000A\0006\0004\000\040\000M\000R\0002\0000\0002\0003\000b\000\051}{subsection.1.4}% 24
\BOOKMARK [3][-]{subsubsection.1.4.5}{\376\377\000A\000p\000p\000r\000o\000x\000i\000m\000a\000t\000i\000o\000n\000\040\000v\000i\000s\000u\000a\000l\000i\000z\000a\000t\000i\000o\000n}{subsection.1.4}% 25
\BOOKMARK [2][-]{subsection.1.5}{\376\377\000A\000p\000p\000r\000o\000x\000i\000m\000a\000t\000i\000o\000n\000\040\000o\000b\000j\000e\000c\000t\000i\000v\000e\000\040\000r\000=\0007}{section.1}% 26
\BOOKMARK [3][-]{subsubsection.1.5.1}{\376\377\000N\000u\000m\000e\000r\000a\000t\000o\000r\000\040\000a\000n\000d\000\040\000d\000e\000n\000o\000m\000i\000n\000a\000t\000o\000r\000\040\000c\000o\000e\000f\000f\000i\000c\000i\000e\000n\000t\000s}{subsection.1.5}% 27
\BOOKMARK [3][-]{subsubsection.1.5.2}{\376\377\000P\000o\000l\000e\000s}{subsection.1.5}% 28
\BOOKMARK [3][-]{subsubsection.1.5.3}{\376\377\000Z\000e\000r\000o\000s}{subsection.1.5}% 29
\BOOKMARK [3][-]{subsubsection.1.5.4}{\376\377\000P\000o\000l\000e\000s\000\040\000a\000n\000d\000\040\000z\000e\000r\000o\000s\000\040\000v\000i\000s\000u\000a\000l\000i\000z\000a\000t\000i\000o\000n\000\040\000\050\000c\000a\000s\000e\000\040\000c\000p\000v\000\040\000M\000A\000C\000A\0006\0004\000\040\000M\000R\0002\0000\0002\0003\000b\000\051}{subsection.1.5}% 30
\BOOKMARK [3][-]{subsubsection.1.5.5}{\376\377\000A\000p\000p\000r\000o\000x\000i\000m\000a\000t\000i\000o\000n\000\040\000v\000i\000s\000u\000a\000l\000i\000z\000a\000t\000i\000o\000n}{subsection.1.5}% 31
\BOOKMARK [2][-]{subsection.1.6}{\376\377\000A\000p\000p\000r\000o\000x\000i\000m\000a\000t\000i\000o\000n\000\040\000o\000b\000j\000e\000c\000t\000i\000v\000e\000\040\000r\000=\0008}{section.1}% 32
\BOOKMARK [3][-]{subsubsection.1.6.1}{\376\377\000N\000u\000m\000e\000r\000a\000t\000o\000r\000\040\000a\000n\000d\000\040\000d\000e\000n\000o\000m\000i\000n\000a\000t\000o\000r\000\040\000c\000o\000e\000f\000f\000i\000c\000i\000e\000n\000t\000s}{subsection.1.6}% 33
\BOOKMARK [3][-]{subsubsection.1.6.2}{\376\377\000P\000o\000l\000e\000s}{subsection.1.6}% 34
\BOOKMARK [3][-]{subsubsection.1.6.3}{\376\377\000Z\000e\000r\000o\000s}{subsection.1.6}% 35
\BOOKMARK [3][-]{subsubsection.1.6.4}{\376\377\000P\000o\000l\000e\000s\000\040\000a\000n\000d\000\040\000z\000e\000r\000o\000s\000\040\000v\000i\000s\000u\000a\000l\000i\000z\000a\000t\000i\000o\000n\000\040\000\050\000c\000a\000s\000e\000\040\000c\000p\000v\000\040\000M\000A\000C\000A\0006\0004\000\040\000M\000R\0002\0000\0002\0003\000b\000\051}{subsection.1.6}% 36
\BOOKMARK [3][-]{subsubsection.1.6.5}{\376\377\000A\000p\000p\000r\000o\000x\000i\000m\000a\000t\000i\000o\000n\000\040\000v\000i\000s\000u\000a\000l\000i\000z\000a\000t\000i\000o\000n}{subsection.1.6}% 37
\BOOKMARK [2][-]{subsection.1.7}{\376\377\000A\000p\000p\000r\000o\000x\000i\000m\000a\000t\000i\000o\000n\000\040\000o\000b\000j\000e\000c\000t\000i\000v\000e\000\040\000r\000=\0009}{section.1}% 38
\BOOKMARK [3][-]{subsubsection.1.7.1}{\376\377\000N\000u\000m\000e\000r\000a\000t\000o\000r\000\040\000a\000n\000d\000\040\000d\000e\000n\000o\000m\000i\000n\000a\000t\000o\000r\000\040\000c\000o\000e\000f\000f\000i\000c\000i\000e\000n\000t\000s}{subsection.1.7}% 39
\BOOKMARK [3][-]{subsubsection.1.7.2}{\376\377\000P\000o\000l\000e\000s}{subsection.1.7}% 40
\BOOKMARK [3][-]{subsubsection.1.7.3}{\376\377\000Z\000e\000r\000o\000s}{subsection.1.7}% 41
\BOOKMARK [3][-]{subsubsection.1.7.4}{\376\377\000P\000o\000l\000e\000s\000\040\000a\000n\000d\000\040\000z\000e\000r\000o\000s\000\040\000v\000i\000s\000u\000a\000l\000i\000z\000a\000t\000i\000o\000n\000\040\000\050\000c\000a\000s\000e\000\040\000c\000p\000v\000\040\000M\000A\000C\000A\0006\0004\000\040\000M\000R\0002\0000\0002\0003\000b\000\051}{subsection.1.7}% 42
\BOOKMARK [3][-]{subsubsection.1.7.5}{\376\377\000A\000p\000p\000r\000o\000x\000i\000m\000a\000t\000i\000o\000n\000\040\000v\000i\000s\000u\000a\000l\000i\000z\000a\000t\000i\000o\000n}{subsection.1.7}% 43
\BOOKMARK [2][-]{subsection.1.8}{\376\377\000A\000p\000p\000r\000o\000x\000i\000m\000a\000t\000i\000o\000n\000\040\000o\000b\000j\000e\000c\000t\000i\000v\000e\000\040\000r\000=\0001\0000}{section.1}% 44
\BOOKMARK [3][-]{subsubsection.1.8.1}{\376\377\000N\000u\000m\000e\000r\000a\000t\000o\000r\000\040\000a\000n\000d\000\040\000d\000e\000n\000o\000m\000i\000n\000a\000t\000o\000r\000\040\000c\000o\000e\000f\000f\000i\000c\000i\000e\000n\000t\000s}{subsection.1.8}% 45
\BOOKMARK [3][-]{subsubsection.1.8.2}{\376\377\000P\000o\000l\000e\000s}{subsection.1.8}% 46
\BOOKMARK [3][-]{subsubsection.1.8.3}{\376\377\000Z\000e\000r\000o\000s}{subsection.1.8}% 47
\BOOKMARK [3][-]{subsubsection.1.8.4}{\376\377\000P\000o\000l\000e\000s\000\040\000a\000n\000d\000\040\000z\000e\000r\000o\000s\000\040\000v\000i\000s\000u\000a\000l\000i\000z\000a\000t\000i\000o\000n\000\040\000\050\000c\000a\000s\000e\000\040\000c\000p\000v\000\040\000M\000A\000C\000A\0006\0004\000\040\000M\000R\0002\0000\0002\0003\000b\000\051}{subsection.1.8}% 48
\BOOKMARK [3][-]{subsubsection.1.8.5}{\376\377\000A\000p\000p\000r\000o\000x\000i\000m\000a\000t\000i\000o\000n\000\040\000v\000i\000s\000u\000a\000l\000i\000z\000a\000t\000i\000o\000n}{subsection.1.8}% 49
